../Core/Src/main.c:156:5:main	8	static
../Core/Src/main.c:291:6:SystemClock_Config	88	static
../Core/Src/main.c:344:13:MX_ADC1_Init	24	static
../Core/Src/main.c:396:13:MX_SPI1_Init	8	static
../Core/Src/main.c:436:13:MX_TIM1_Init	112	static
../Core/Src/main.c:524:13:MX_TIM2_Init	56	static
../Core/Src/main.c:601:13:MX_TIM3_Init	48	static
../Core/Src/main.c:650:13:MX_USART1_UART_Init	8	static
../Core/Src/main.c:683:13:MX_DMA_Init	16	static
../Core/Src/main.c:704:13:MX_GPIO_Init	48	static
../Core/Src/main.c:768:10:calculateTimerFrequency	32	static
../Core/Src/main.c:776:6:Reset_USART1	8	static
../Core/Src/main.c:830:6:HAL_UART_TxCpltCallback	16	static
../Core/Src/main.c:842:6:HAL_UARTEx_RxEventCallback	16	static
../Core/Src/main.c:855:6:Check_USART1_Timeout	8	static
../Core/Src/main.c:864:6:BLDC_MotorCommutation	16	static
../Core/Src/main.c:874:6:HAL_GPIO_EXTI_Callback	16	static
../Core/Src/main.c:928:6:HAL_TIM_IC_CaptureCallback	16	static
../Core/Src/main.c:982:6:StartDefaultTask	16	static
../Core/Src/main.c:1002:6:StartTask02	24	static
../Core/Src/main.c:1064:6:MPU_Config	24	static
../Core/Src/main.c:1099:6:HAL_TIM_PeriodElapsedCallback	16	static
../Core/Src/main.c:1119:6:Error_Handler	4	static,ignoring_inline_asm
