../Core/Src/main.c:158:5:main	8	static
../Core/Src/main.c:305:6:SystemClock_Config	88	static
../Core/Src/main.c:358:13:MX_ADC1_Init	24	static
../Core/Src/main.c:410:13:MX_SPI1_Init	8	static
../Core/Src/main.c:450:13:MX_TIM1_Init	112	static
../Core/Src/main.c:538:13:MX_TIM2_Init	56	static
../Core/Src/main.c:615:13:MX_TIM3_Init	48	static
../Core/Src/main.c:664:13:MX_USART1_UART_Init	8	static
../Core/Src/main.c:697:13:MX_DMA_Init	16	static
../Core/Src/main.c:718:13:MX_GPIO_Init	48	static
../Core/Src/main.c:782:10:calculateTimerFrequency	32	static
../Core/Src/main.c:790:6:Reset_USART1	8	static
../Core/Src/main.c:844:6:HAL_UART_TxCpltCallback	16	static
../Core/Src/main.c:856:6:HAL_UARTEx_RxEventCallback	16	static
../Core/Src/main.c:869:6:Check_USART1_Timeout	8	static
../Core/Src/main.c:879:6:BLDC_FlywheelCommutation	16	static
../Core/Src/main.c:893:6:HAL_GPIO_EXTI_Callback	24	static
../Core/Src/main.c:948:6:HAL_TIM_IC_CaptureCallback	16	static
../Core/Src/main.c:1000:6:StartDefaultTask	16	static
../Core/Src/main.c:1020:6:StartTask02	40	static
../Core/Src/main.c:1108:6:MPU_Config	24	static
../Core/Src/main.c:1143:6:HAL_TIM_PeriodElapsedCallback	16	static
../Core/Src/main.c:1163:6:Error_Handler	4	static,ignoring_inline_asm
