../Core/Src/stm32g0xx_hal_msp.c:68:6:HAL_MspInit	16	static
../Core/Src/stm32g0xx_hal_msp.c:96:6:HAL_ADC_MspInit	40	static
../Core/Src/stm32g0xx_hal_msp.c:158:6:HAL_ADC_MspDeInit	8	static
../Core/Src/stm32g0xx_hal_msp.c:198:6:HAL_I2C_MspInit	40	static
../Core/Src/stm32g0xx_hal_msp.c:235:6:HAL_I2C_MspDeInit	8	static
../Core/Src/stm32g0xx_hal_msp.c:266:6:HAL_TIM_Base_MspInit	16	static
../Core/Src/stm32g0xx_hal_msp.c:292:6:HAL_TIM_Base_MspDeInit	8	static
../Core/Src/stm32g0xx_hal_msp.c:317:6:HAL_UART_MspInit	72	static
../Core/Src/stm32g0xx_hal_msp.c:403:6:HAL_UART_MspDeInit	8	static
