../Core/Src/main.c:82:5:main	8	static
../Core/Src/main.c:133:6:SystemClock_Config	88	static
../Core/Src/main.c:179:13:MX_ADC1_Init	56	static
../Core/Src/main.c:255:13:MX_ADC2_Init	40	static
../Core/Src/main.c:314:13:MX_ADC3_Init	56	static
../Core/Src/main.c:382:13:MX_COMP6_Init	8	static
../Core/Src/main.c:414:13:MX_DAC1_Init	56	static
../Core/Src/main.c:461:13:MX_HRTIM1_Init	264	static
../Core/Src/main.c:711:13:MX_USART1_UART_Init	8	static
../Core/Src/main.c:759:13:MX_GPIO_Init	24	static
../Core/Src/main.c:784:6:Error_Handler	4	static,ignoring_inline_asm
