Archive member included to satisfy reference by file (symbol)

C:/ST/STM32CubeIDE_1.16.1/STM32CubeIDE/plugins/com.st.stm32cube.ide.mcu.externaltools.gnu-tools-for-stm32.12.3.rel1.win32_1.0.200.202406191623/tools/bin/../lib/gcc/arm-none-eabi/12.3.1/../../../../arm-none-eabi/lib/thumb/v6-m/nofp\libc_nano.a(libc_a-exit.o)
                              C:/ST/STM32CubeIDE_1.16.1/STM32CubeIDE/plugins/com.st.stm32cube.ide.mcu.externaltools.gnu-tools-for-stm32.12.3.rel1.win32_1.0.200.202406191623/tools/bin/../lib/gcc/arm-none-eabi/12.3.1/../../../../arm-none-eabi/lib/thumb/v6-m/nofp/crt0.o (exit)
C:/ST/STM32CubeIDE_1.16.1/STM32CubeIDE/plugins/com.st.stm32cube.ide.mcu.externaltools.gnu-tools-for-stm32.12.3.rel1.win32_1.0.200.202406191623/tools/bin/../lib/gcc/arm-none-eabi/12.3.1/../../../../arm-none-eabi/lib/thumb/v6-m/nofp\libc_nano.a(libc_a-findfp.o)
                              C:/ST/STM32CubeIDE_1.16.1/STM32CubeIDE/plugins/com.st.stm32cube.ide.mcu.externaltools.gnu-tools-for-stm32.12.3.rel1.win32_1.0.200.202406191623/tools/bin/../lib/gcc/arm-none-eabi/12.3.1/../../../../arm-none-eabi/lib/thumb/v6-m/nofp\libc_nano.a(libc_a-exit.o) (__stdio_exit_handler)
C:/ST/STM32CubeIDE_1.16.1/STM32CubeIDE/plugins/com.st.stm32cube.ide.mcu.externaltools.gnu-tools-for-stm32.12.3.rel1.win32_1.0.200.202406191623/tools/bin/../lib/gcc/arm-none-eabi/12.3.1/../../../../arm-none-eabi/lib/thumb/v6-m/nofp\libc_nano.a(libc_a-fwalk.o)
                              C:/ST/STM32CubeIDE_1.16.1/STM32CubeIDE/plugins/com.st.stm32cube.ide.mcu.externaltools.gnu-tools-for-stm32.12.3.rel1.win32_1.0.200.202406191623/tools/bin/../lib/gcc/arm-none-eabi/12.3.1/../../../../arm-none-eabi/lib/thumb/v6-m/nofp\libc_nano.a(libc_a-findfp.o) (_fwalk_sglue)
C:/ST/STM32CubeIDE_1.16.1/STM32CubeIDE/plugins/com.st.stm32cube.ide.mcu.externaltools.gnu-tools-for-stm32.12.3.rel1.win32_1.0.200.202406191623/tools/bin/../lib/gcc/arm-none-eabi/12.3.1/../../../../arm-none-eabi/lib/thumb/v6-m/nofp\libc_nano.a(libc_a-stdio.o)
                              C:/ST/STM32CubeIDE_1.16.1/STM32CubeIDE/plugins/com.st.stm32cube.ide.mcu.externaltools.gnu-tools-for-stm32.12.3.rel1.win32_1.0.200.202406191623/tools/bin/../lib/gcc/arm-none-eabi/12.3.1/../../../../arm-none-eabi/lib/thumb/v6-m/nofp\libc_nano.a(libc_a-findfp.o) (__sread)
C:/ST/STM32CubeIDE_1.16.1/STM32CubeIDE/plugins/com.st.stm32cube.ide.mcu.externaltools.gnu-tools-for-stm32.12.3.rel1.win32_1.0.200.202406191623/tools/bin/../lib/gcc/arm-none-eabi/12.3.1/../../../../arm-none-eabi/lib/thumb/v6-m/nofp\libc_nano.a(libc_a-memset.o)
                              C:/ST/STM32CubeIDE_1.16.1/STM32CubeIDE/plugins/com.st.stm32cube.ide.mcu.externaltools.gnu-tools-for-stm32.12.3.rel1.win32_1.0.200.202406191623/tools/bin/../lib/gcc/arm-none-eabi/12.3.1/../../../../arm-none-eabi/lib/thumb/v6-m/nofp/crt0.o (memset)
C:/ST/STM32CubeIDE_1.16.1/STM32CubeIDE/plugins/com.st.stm32cube.ide.mcu.externaltools.gnu-tools-for-stm32.12.3.rel1.win32_1.0.200.202406191623/tools/bin/../lib/gcc/arm-none-eabi/12.3.1/../../../../arm-none-eabi/lib/thumb/v6-m/nofp\libc_nano.a(libc_a-closer.o)
                              C:/ST/STM32CubeIDE_1.16.1/STM32CubeIDE/plugins/com.st.stm32cube.ide.mcu.externaltools.gnu-tools-for-stm32.12.3.rel1.win32_1.0.200.202406191623/tools/bin/../lib/gcc/arm-none-eabi/12.3.1/../../../../arm-none-eabi/lib/thumb/v6-m/nofp\libc_nano.a(libc_a-stdio.o) (_close_r)
C:/ST/STM32CubeIDE_1.16.1/STM32CubeIDE/plugins/com.st.stm32cube.ide.mcu.externaltools.gnu-tools-for-stm32.12.3.rel1.win32_1.0.200.202406191623/tools/bin/../lib/gcc/arm-none-eabi/12.3.1/../../../../arm-none-eabi/lib/thumb/v6-m/nofp\libc_nano.a(libc_a-reent.o)
                              C:/ST/STM32CubeIDE_1.16.1/STM32CubeIDE/plugins/com.st.stm32cube.ide.mcu.externaltools.gnu-tools-for-stm32.12.3.rel1.win32_1.0.200.202406191623/tools/bin/../lib/gcc/arm-none-eabi/12.3.1/../../../../arm-none-eabi/lib/thumb/v6-m/nofp\libc_nano.a(libc_a-closer.o) (errno)
C:/ST/STM32CubeIDE_1.16.1/STM32CubeIDE/plugins/com.st.stm32cube.ide.mcu.externaltools.gnu-tools-for-stm32.12.3.rel1.win32_1.0.200.202406191623/tools/bin/../lib/gcc/arm-none-eabi/12.3.1/../../../../arm-none-eabi/lib/thumb/v6-m/nofp\libc_nano.a(libc_a-impure.o)
                              C:/ST/STM32CubeIDE_1.16.1/STM32CubeIDE/plugins/com.st.stm32cube.ide.mcu.externaltools.gnu-tools-for-stm32.12.3.rel1.win32_1.0.200.202406191623/tools/bin/../lib/gcc/arm-none-eabi/12.3.1/../../../../arm-none-eabi/lib/thumb/v6-m/nofp\libc_nano.a(libc_a-reent.o) (_impure_ptr)
C:/ST/STM32CubeIDE_1.16.1/STM32CubeIDE/plugins/com.st.stm32cube.ide.mcu.externaltools.gnu-tools-for-stm32.12.3.rel1.win32_1.0.200.202406191623/tools/bin/../lib/gcc/arm-none-eabi/12.3.1/../../../../arm-none-eabi/lib/thumb/v6-m/nofp\libc_nano.a(libc_a-lseekr.o)
[...]
Memory Configuration

Name             Origin             Length             Attributes
RAM              0x20000000         0x00002000         xrw
FLASH            0x08000000         0x00008000         xr
*default*        0x00000000         0xffffffff

Linker script and memory map

LOAD C:/ST/STM32CubeIDE_1.16.1/STM32CubeIDE/plugins/com.st.stm32cube.ide.mcu.externaltools.gnu-tools-for-stm32.12.3.rel1.win32_1.0.200.202406191623/tools/bin/../lib/gcc/arm-none-eabi/12.3.1/thumb/v6-m/nofp/crti.o
LOAD C:/ST/STM32CubeIDE_1.16.1/STM32CubeIDE/plugins/com.st.stm32cube.ide.mcu.externaltools.gnu-tools-for-stm32.12.3.rel1.win32_1.0.200.202406191623/tools/bin/../lib/gcc/arm-none-eabi/12.3.1/thumb/v6-m/nofp/crtbegin.o
LOAD C:/ST/STM32CubeIDE_1.16.1/STM32CubeIDE/plugins/com.st.stm32cube.ide.mcu.externaltools.gnu-tools-for-stm32.12.3.rel1.win32_1.0.200.202406191623/tools/bin/../lib/gcc/arm-none-eabi/12.3.1/../../../../arm-none-eabi/lib/thumb/v6-m/nofp/crt0.o
LOAD ./Core/Src/Registers_handler.o
LOAD ./Core/Src/main.o
LOAD ./Core/Src/modbusDevice.o
LOAD ./Core/Src/modbusSlave.o
LOAD ./Core/Src/stm32g0xx_hal_msp.o
LOAD ./Core/Src/stm32g0xx_it.o
LOAD ./Core/Src/syscalls.o
LOAD ./Core/Src/sysmem.o
LOAD ./Core/Src/system_stm32g0xx.o
LOAD ./Core/Startup/startup_stm32g030f6px.o
LOAD ./Drivers/STM32G0xx_HAL_Driver/Src/stm32g0xx_hal.o
LOAD ./Drivers/STM32G0xx_HAL_Driver/Src/stm32g0xx_hal_adc.o
LOAD ./Drivers/STM32G0xx_HAL_Driver/Src/stm32g0xx_hal_adc_ex.o
LOAD ./Drivers/STM32G0xx_HAL_Driver/Src/stm32g0xx_hal_cortex.o
LOAD ./Drivers/STM32G0xx_HAL_Driver/Src/stm32g0xx_hal_dma.o
LOAD ./Drivers/STM32G0xx_HAL_Driver/Src/stm32g0xx_hal_dma_ex.o
LOAD ./Drivers/STM32G0xx_HAL_Driver/Src/stm32g0xx_hal_exti.o
LOAD ./Drivers/STM32G0xx_HAL_Driver/Src/stm32g0xx_hal_flash.o
LOAD ./Drivers/STM32G0xx_HAL_Driver/Src/stm32g0xx_hal_flash_ex.o
LOAD ./Drivers/STM32G0xx_HAL_Driver/Src/stm32g0xx_hal_gpio.o
LOAD ./Drivers/STM32G0xx_HAL_Driver/Src/stm32g0xx_hal_i2c.o
LOAD ./Drivers/STM32G0xx_HAL_Driver/Src/stm32g0xx_hal_i2c_ex.o
LOAD ./Drivers/STM32G0xx_HAL_Driver/Src/stm32g0xx_hal_pwr.o
LOAD ./Drivers/STM32G0xx_HAL_Driver/Src/stm32g0xx_hal_pwr_ex.o
LOAD ./Drivers/STM32G0xx_HAL_Driver/Src/stm32g0xx_hal_rcc.o
LOAD ./Drivers/STM32G0xx_HAL_Driver/Src/stm32g0xx_hal_rcc_ex.o
LOAD ./Drivers/STM32G0xx_HAL_Driver/Src/stm32g0xx_hal_tim.o
LOAD ./Drivers/STM32G0xx_HAL_Driver/Src/stm32g0xx_hal_tim_ex.o
LOAD ./Drivers/STM32G0xx_HAL_Driver/Src/stm32g0xx_hal_uart.o
LOAD ./Drivers/STM32G0xx_HAL_Driver/Src/stm32g0xx_hal_uart_ex.o
LOAD ./Drivers/STM32G0xx_HAL_Driver/Src/stm32g0xx_ll_adc.o
LOAD ./Drivers/STM32G0xx_HAL_Driver/Src/stm32g0xx_ll_rcc.o
START GROUP
LOAD C:/ST/STM32CubeIDE_1.16.1/STM32CubeIDE/plugins/com.st.stm32cube.ide.mcu.externaltools.gnu-tools-for-stm32.12.3.rel1.win32_1.0.200.202406191623/tools/bin/../lib/gcc/arm-none-eabi/12.3.1/../../../../arm-none-eabi/lib/thumb/v6-m/nofp\libc_nano.a
LOAD C:/ST/STM32CubeIDE_1.16.1/STM32CubeIDE/plugins/com.st.stm32cube.ide.mcu.externaltools.gnu-tools-for-stm32.12.3.rel1.win32_1.0.200.202406191623/tools/bin/../lib/gcc/arm-none-eabi/12.3.1/../../../../arm-none-eabi/lib/thumb/v6-m/nofp\libm.a
END GROUP
START GROUP
LOAD C:/ST/STM32CubeIDE_1.16.1/STM32CubeIDE/plugins/com.st.stm32cube.ide.mcu.externaltools.gnu-tools-for-stm32.12.3.rel1.win32_1.0.200.202406191623/tools/bin/../lib/gcc/arm-none-eabi/12.3.1/thumb/v6-m/nofp\libgcc.a
LOAD C:/ST/STM32CubeIDE_1.16.1/STM32CubeIDE/plugins/com.st.stm32cube.ide.mcu.externaltools.gnu-tools-for-stm32.12.3.rel1.win32_1.0.200.202406191623/tools/bin/../lib/gcc/arm-none-eabi/12.3.1/../../../../arm-none-eabi/lib/thumb/v6-m/nofp\libc_nano.a
END GROUP
START GROUP
LOAD C:/ST/STM32CubeIDE_1.16.1/STM32CubeIDE/plugins/com.st.stm32cube.ide.mcu.externaltools.gnu-tools-for-stm32.12.3.rel1.win32_1.0.200.202406191623/tools/bin/../lib/gcc/arm-none-eabi/12.3.1/thumb/v6-m/nofp\libgcc.a
LOAD C:/ST/STM32CubeIDE_1.16.1/STM32CubeIDE/plugins/com.st.stm32cube.ide.mcu.externaltools.gnu-tools-for-stm32.12.3.rel1.win32_1.0.200.202406191623/tools/bin/../lib/gcc/arm-none-eabi/12.3.1/../../../../arm-none-eabi/lib/thumb/v6-m/nofp\libc_nano.a
LOAD C:/ST/STM32CubeIDE_1.16.1/STM32CubeIDE/plugins/com.st.stm32cube.ide.mcu.externaltools.gnu-tools-for-stm32.12.3.rel1.win32_1.0.200.202406191623/tools/bin/../lib/gcc/arm-none-eabi/12.3.1/../../../../arm-none-eabi/lib/thumb/v6-m/nofp\libnosys.a
END GROUP
START GROUP
LOAD C:/ST/STM32CubeIDE_1.16.1/STM32CubeIDE/plugins/com.st.stm32cube.ide.mcu.externaltools.gnu-tools-for-stm32.12.3.rel1.win32_1.0.200.202406191623/tools/bin/../lib/gcc/arm-none-eabi/12.3.1/thumb/v6-m/nofp\libgcc.a
LOAD C:/ST/STM32CubeIDE_1.16.1/STM32CubeIDE/plugins/com.st.stm32cube.ide.mcu.externaltools.gnu-tools-for-stm32.12.3.rel1.win32_1.0.200.202406191623/tools/bin/../lib/gcc/arm-none-eabi/12.3.1/../../../../arm-none-eabi/lib/thumb/v6-m/nofp\libc_nano.a
LOAD C:/ST/STM32CubeIDE_1.16.1/STM32CubeIDE/plugins/com.st.stm32cube.ide.mcu.externaltools.gnu-tools-for-stm32.12.3.rel1.win32_1.0.200.202406191623/tools/bin/../lib/gcc/arm-none-eabi/12.3.1/../../../../arm-none-eabi/lib/thumb/v6-m/nofp\libnosys.a
END GROUP
LOAD C:/ST/STM32CubeIDE_1.16.1/STM32CubeIDE/plugins/com.st.stm32cube.ide.mcu.externaltools.gnu-tools-for-stm32.12.3.rel1.win32_1.0.200.202406191623/tools/bin/../lib/gcc/arm-none-eabi/12.3.1/thumb/v6-m/nofp/crtend.o
LOAD C:/ST/STM32CubeIDE_1.16.1/STM32CubeIDE/plugins/com.st.stm32cube.ide.mcu.externaltools.gnu-tools-for-stm32.12.3.rel1.win32_1.0.200.202406191623/tools/bin/../lib/gcc/arm-none-eabi/12.3.1/thumb/v6-m/nofp/crtn.o
                0x20002000                        _estack = (ORIGIN (RAM) + LENGTH (RAM))
                0x00000200                        _Min_Heap_Size = 0x200
                0x00000400                        _Min_Stack_Size = 0x400

.isr_vector     0x08000000       0xb8
                0x08000000                        . = ALIGN (0x4)
 *(.isr_vector)
 .isr_vector    0x08000000       0xb8 ./Core/Startup/startup_stm32g030f6px.o
                0x08000000                g_pfnVectors
                0x080000b8                        . = ALIGN (0x4)

.text           0x080000b8     0x7bd8
                0x080000b8                        . = ALIGN (0x4)
 *(.text)
 .text          0x080000b8       0x48 C:/ST/STM32CubeIDE_1.16.1/STM32CubeIDE/plugins/com.st.stm32cube.ide.mcu.externaltools.gnu-tools-for-stm32.12.3.rel1.win32_1.0.200.202406191623/tools/bin/../lib/gcc/arm-none-eabi/12.3.1/thumb/v6-m/nofp/crtbegin.o
 .text          0x08000100      0x114 C:/ST/STM32CubeIDE_1.16.1/STM32CubeIDE/plugins/com.st.stm32cube.ide.mcu.externaltools.gnu-tools-for-stm32.12.3.rel1.win32_1.0.200.202406191623/tools/bin/../lib/gcc/arm-none-eabi/12.3.1/thumb/v6-m/nofp\libgcc.a(_udivsi3.o)
                0x08000100                __aeabi_uidiv
                0x08000100                __udivsi3
                0x0800020c                __aeabi_uidivmod
 .text          0x08000214      0x1d4 C:/ST/STM32CubeIDE_1.16.1/STM32CubeIDE/plugins/com.st.stm32cube.ide.mcu.externaltools.gnu-tools-for-stm32.12.3.rel1.win32_1.0.200.202406191623/tools/bin/../lib/gcc/arm-none-eabi/12.3.1/thumb/v6-m/nofp\libgcc.a(_divsi3.o)
                0x08000214                __divsi3
                0x08000214                __aeabi_idiv
                0x080003e0                __aeabi_idivmod
 .text          0x080003e8        0x4 C:/ST/STM32CubeIDE_1.16.1/STM32CubeIDE/plugins/com.st.stm32cube.ide.mcu.externaltools.gnu-tools-for-stm32.12.3.rel1.win32_1.0.200.202406191623/tools/bin/../lib/gcc/arm-none-eabi/12.3.1/thumb/v6-m/nofp\libgcc.a(_dvmd_tls.o)
                0x080003e8                __aeabi_idiv0
                0x080003e8                __aeabi_ldiv0
 *(.text*)
 .text.Registers_handler
                0x080003ec      0x194 ./Core/Src/Registers_handler.o
                0x080003ec                Registers_handler
 .text.Check_USART1_Timeout
                0x08000580       0x48 ./Core/Src/main.o
                0x08000580                Check_USART1_Timeout
 .text.Reset_USART1
                0x080005c8       0xe8 ./Core/Src/main.o
                0x080005c8                Reset_USART1
 .text.ADC_Read
                0x080006b0       0x8c ./Core/Src/main.o
                0x080006b0                ADC_Read
 .text.main     0x0800073c       0x90 ./Core/Src/main.o
                0x0800073c                main
 .text.SystemClock_Config
                0x080007cc       0xb4 ./Core/Src/main.o
                0x080007cc                SystemClock_Config
 .text.MX_ADC1_Init
                0x08000880       0xd8 ./Core/Src/main.o
 .text.MX_I2C2_Init
                0x08000958       0x80 ./Core/Src/main.o
 .text.MX_TIM1_Init
                0x080009d8      0x198 ./Core/Src/main.o
 .text.MX_TIM3_Init
                0x08000b70      0x104 ./Core/Src/main.o
 .text.MX_TIM14_Init
                0x08000c74       0x48 ./Core/Src/main.o
 .text.MX_USART1_UART_Init
                0x08000cbc       0x9c ./Core/Src/main.o
 .text.MX_DMA_Init
                0x08000d58       0x4c ./Core/Src/main.o
 .text.MX_GPIO_Init
                0x08000da4       0xfc ./Core/Src/main.o
 .text.HAL_UART_TxCpltCallback
                0x08000ea0       0x78 ./Core/Src/main.o
                0x08000ea0                HAL_UART_TxCpltCallback
 .text.HAL_UARTEx_RxEventCallback
                0x08000f18       0x8c ./Core/Src/main.o
                0x08000f18                HAL_UARTEx_RxEventCallback
 .text.HAL_TIM_PeriodElapsedCallback
                0x08000fa4       0x68 ./Core/Src/main.o
                0x08000fa4                HAL_TIM_PeriodElapsedCallback
 .text.Error_Handler
                0x0800100c        0xc ./Core/Src/main.o
                0x0800100c                Error_Handler
 .text.calcCRC16ModBus
                0x08001018       0xb4 ./Core/Src/modbusDevice.o
                0x08001018                calcCRC16ModBus
 .text.sendModBusRequest
                0x080010cc       0x90 ./Core/Src/modbusDevice.o
                0x080010cc                sendModBusRequest
 .text.sendError
                0x0800115c       0x80 ./Core/Src/modbusDevice.o
                0x0800115c                sendError
 .text.handleReadHoldingRegs
                0x080011dc      0x130 ./Core/Src/modbusSlave.o
                0x080011dc                handleReadHoldingRegs
 .text.handleReadInputRegs
                0x0800130c      0x11c ./Core/Src/modbusSlave.o
                0x0800130c                handleReadInputRegs
 .text.handleReadCoils
                0x08001428       0xf8 ./Core/Src/modbusSlave.o
                0x08001428                handleReadCoils
 .text.handleReadDiscreteInputs
                0x08001520       0xfc ./Core/Src/modbusSlave.o
                0x08001520                handleReadDiscreteInputs
 .text.handleWriteMulyipleHandlingRegister
                0x0800161c      0x12c ./Core/Src/modbusSlave.o
                0x0800161c                handleWriteMulyipleHandlingRegister
 .text.sendModbusException
                0x08001748       0x4c ./Core/Src/modbusSlave.o
                0x08001748                sendModbusException
 .text.HAL_MspInit
                0x08001794       0x58 ./Core/Src/stm32g0xx_hal_msp.o
                0x08001794                HAL_MspInit
 .text.HAL_ADC_MspInit
                0x080017ec       0x88 ./Core/Src/stm32g0xx_hal_msp.o
                0x080017ec                HAL_ADC_MspInit
 .text.HAL_I2C_MspInit
                0x08001874       0x98 ./Core/Src/stm32g0xx_hal_msp.o
                0x08001874                HAL_I2C_MspInit
 .text.HAL_TIM_Base_MspInit
                0x0800190c       0xa4 ./Core/Src/stm32g0xx_hal_msp.o
                0x0800190c                HAL_TIM_Base_MspInit
 .text.HAL_TIM_MspPostInit
                0x080019b0       0xd0 ./Core/Src/stm32g0xx_hal_msp.o
                0x080019b0                HAL_TIM_MspPostInit
 .text.HAL_UART_MspInit
                0x08001a80      0x18c ./Core/Src/stm32g0xx_hal_msp.o
                0x08001a80                HAL_UART_MspInit
 .text.HAL_UART_MspDeInit
                0x08001c0c       0x5c ./Core/Src/stm32g0xx_hal_msp.o
                0x08001c0c                HAL_UART_MspDeInit
 .text.NMI_Handler
                0x08001c68        0x8 ./Core/Src/stm32g0xx_it.o
                0x08001c68                NMI_Handler
 .text.HardFault_Handler
                0x08001c70        0x8 ./Core/Src/stm32g0xx_it.o
                0x08001c70                HardFault_Handler
 .text.SVC_Handler
                0x08001c78        0xa ./Core/Src/stm32g0xx_it.o
                0x08001c78                SVC_Handler
 .text.PendSV_Handler
                0x08001c82        0xa ./Core/Src/stm32g0xx_it.o
                0x08001c82                PendSV_Handler
 .text.SysTick_Handler
                0x08001c8c        0xe ./Core/Src/stm32g0xx_it.o
                0x08001c8c                SysTick_Handler
 .text.RCC_IRQHandler
                0x08001c9a        0xa ./Core/Src/stm32g0xx_it.o
                0x08001c9a                RCC_IRQHandler
 .text.DMA1_Channel1_IRQHandler
                0x08001ca4       0x18 ./Core/Src/stm32g0xx_it.o
                0x08001ca4                DMA1_Channel1_IRQHandler
 .text.DMA1_Channel2_3_IRQHandler
                0x08001cbc       0x18 ./Core/Src/stm32g0xx_it.o
                0x08001cbc                DMA1_Channel2_3_IRQHandler
 .text.TIM14_IRQHandler
                0x08001cd4       0x18 ./Core/Src/stm32g0xx_it.o
                0x08001cd4                TIM14_IRQHandler
 .text.USART1_IRQHandler
                0x08001cec       0x18 ./Core/Src/stm32g0xx_it.o
                0x08001cec                USART1_IRQHandler
 .text.SystemInit
                0x08001d04        0xa ./Core/Src/system_stm32g0xx.o
                0x08001d04                SystemInit
 *fill*         0x08001d0e        0x2 
 .text.Reset_Handler
                0x08001d10       0x50 ./Core/Startup/startup_stm32g030f6px.o
                0x08001d10                Reset_Handler
 .text.Default_Handler
                0x08001d60        0x2 ./Core/Startup/startup_stm32g030f6px.o
                0x08001d60                TIM1_CC_IRQHandler
                0x08001d60                I2C1_IRQHandler
                0x08001d60                RTC_TAMP_IRQHandler
                0x08001d60                SPI1_IRQHandler
                0x08001d60                DMA1_Ch4_5_DMAMUX1_OVR_IRQHandler
                0x08001d60                EXTI2_3_IRQHandler
                0x08001d60                ADC1_IRQHandler
                0x08001d60                I2C2_IRQHandler
                0x08001d60                TIM17_IRQHandler
                0x08001d60                TIM16_IRQHandler
                0x08001d60                TIM3_IRQHandler
                0x08001d60                EXTI4_15_IRQHandler
                0x08001d60                Default_Handler
                0x08001d60                EXTI0_1_IRQHandler
                0x08001d60                SPI2_IRQHandler
                0x08001d60                WWDG_IRQHandler
                0x08001d60                USART2_IRQHandler
                0x08001d60                FLASH_IRQHandler
                0x08001d60                TIM1_BRK_UP_TRG_COM_IRQHandler
 *fill*         0x08001d62        0x2 
 .text.HAL_Init
                0x08001d64       0x40 ./Drivers/STM32G0xx_HAL_Driver/Src/stm32g0xx_hal.o
                0x08001d64                HAL_Init
 .text.HAL_InitTick
                0x08001da4       0x94 ./Drivers/STM32G0xx_HAL_Driver/Src/stm32g0xx_hal.o
                0x08001da4                HAL_InitTick
 .text.HAL_IncTick
                0x08001e38       0x24 ./Drivers/STM32G0xx_HAL_Driver/Src/stm32g0xx_hal.o
                0x08001e38                HAL_IncTick
 .text.HAL_GetTick
                0x08001e5c       0x14 ./Drivers/STM32G0xx_HAL_Driver/Src/stm32g0xx_hal.o
                0x08001e5c                HAL_GetTick
 .text.HAL_Delay
                0x08001e70       0x48 ./Drivers/STM32G0xx_HAL_Driver/Src/stm32g0xx_hal.o
                0x08001e70                HAL_Delay
 .text.LL_ADC_SetCommonPathInternalCh
                0x08001eb8       0x28 ./Drivers/STM32G0xx_HAL_Driver/Src/stm32g0xx_hal_adc.o
 .text.LL_ADC_GetCommonPathInternalCh
                0x08001ee0       0x1a ./Drivers/STM32G0xx_HAL_Driver/Src/stm32g0xx_hal_adc.o
 .text.LL_ADC_SetSamplingTimeCommonChannels
                0x08001efa       0x3a ./Drivers/STM32G0xx_HAL_Driver/Src/stm32g0xx_hal_adc.o
 .text.LL_ADC_GetSamplingTimeCommonChannels
                0x08001f34       0x2e ./Drivers/STM32G0xx_HAL_Driver/Src/stm32g0xx_hal_adc.o
 .text.LL_ADC_REG_IsTriggerSourceSWStart
                0x08001f62       0x22 ./Drivers/STM32G0xx_HAL_Driver/Src/stm32g0xx_hal_adc.o
 .text.LL_ADC_REG_SetSequencerRanks
                0x08001f84       0x40 ./Drivers/STM32G0xx_HAL_Driver/Src/stm32g0xx_hal_adc.o
 .text.LL_ADC_REG_SetSequencerChAdd
                0x08001fc4       0x22 ./Drivers/STM32G0xx_HAL_Driver/Src/stm32g0xx_hal_adc.o
 .text.LL_ADC_REG_SetSequencerChRem
                0x08001fe6       0x24 ./Drivers/STM32G0xx_HAL_Driver/Src/stm32g0xx_hal_adc.o
 *fill*         0x0800200a        0x2 
 .text.LL_ADC_SetChannelSamplingTime
                0x0800200c       0x38 ./Drivers/STM32G0xx_HAL_Driver/Src/stm32g0xx_hal_adc.o
 .text.LL_ADC_EnableInternalRegulator
                0x08002044       0x28 ./Drivers/STM32G0xx_HAL_Driver/Src/stm32g0xx_hal_adc.o
 .text.LL_ADC_IsInternalRegulatorEnabled
                0x0800206c       0x28 ./Drivers/STM32G0xx_HAL_Driver/Src/stm32g0xx_hal_adc.o
 .text.LL_ADC_Enable
                0x08002094       0x24 ./Drivers/STM32G0xx_HAL_Driver/Src/stm32g0xx_hal_adc.o
 .text.LL_ADC_Disable
                0x080020b8       0x24 ./Drivers/STM32G0xx_HAL_Driver/Src/stm32g0xx_hal_adc.o
 .text.LL_ADC_IsEnabled
                0x080020dc       0x22 ./Drivers/STM32G0xx_HAL_Driver/Src/stm32g0xx_hal_adc.o
 .text.LL_ADC_IsDisableOngoing
                0x080020fe       0x22 ./Drivers/STM32G0xx_HAL_Driver/Src/stm32g0xx_hal_adc.o
 .text.LL_ADC_REG_StartConversion
                0x08002120       0x24 ./Drivers/STM32G0xx_HAL_Driver/Src/stm32g0xx_hal_adc.o
 .text.LL_ADC_REG_StopConversion
                0x08002144       0x24 ./Drivers/STM32G0xx_HAL_Driver/Src/stm32g0xx_hal_adc.o
 .text.LL_ADC_REG_IsConversionOngoing
                0x08002168       0x22 ./Drivers/STM32G0xx_HAL_Driver/Src/stm32g0xx_hal_adc.o
 *fill*         0x0800218a        0x2 
 .text.HAL_ADC_Init
                0x0800218c      0x350 ./Drivers/STM32G0xx_HAL_Driver/Src/stm32g0xx_hal_adc.o
                0x0800218c                HAL_ADC_Init
 .text.HAL_ADC_Start
                0x080024dc       0x9c ./Drivers/STM32G0xx_HAL_Driver/Src/stm32g0xx_hal_adc.o
                0x080024dc                HAL_ADC_Start
 .text.HAL_ADC_Stop
                0x08002578       0x78 ./Drivers/STM32G0xx_HAL_Driver/Src/stm32g0xx_hal_adc.o
                0x08002578                HAL_ADC_Stop
 .text.HAL_ADC_PollForConversion
                0x080025f0      0x128 ./Drivers/STM32G0xx_HAL_Driver/Src/stm32g0xx_hal_adc.o
                0x080025f0                HAL_ADC_PollForConversion
 .text.HAL_ADC_GetValue
                0x08002718       0x16 ./Drivers/STM32G0xx_HAL_Driver/Src/stm32g0xx_hal_adc.o
                0x08002718                HAL_ADC_GetValue
 *fill*         0x0800272e        0x2 
 .text.HAL_ADC_ConfigChannel
                0x08002730      0x3b0 ./Drivers/STM32G0xx_HAL_Driver/Src/stm32g0xx_hal_adc.o
                0x08002730                HAL_ADC_ConfigChannel
 .text.ADC_ConversionStop
                0x08002ae0       0x84 ./Drivers/STM32G0xx_HAL_Driver/Src/stm32g0xx_hal_adc.o
                0x08002ae0                ADC_ConversionStop
 .text.ADC_Enable
                0x08002b64      0x10c ./Drivers/STM32G0xx_HAL_Driver/Src/stm32g0xx_hal_adc.o
                0x08002b64                ADC_Enable
 .text.ADC_Disable
                0x08002c70       0xbc ./Drivers/STM32G0xx_HAL_Driver/Src/stm32g0xx_hal_adc.o
                0x08002c70                ADC_Disable
 .text.LL_ADC_GetCommonClock
                0x08002d2c       0x1a ./Drivers/STM32G0xx_HAL_Driver/Src/stm32g0xx_hal_adc_ex.o
 .text.LL_ADC_GetClock
                0x08002d46       0x18 ./Drivers/STM32G0xx_HAL_Driver/Src/stm32g0xx_hal_adc_ex.o
 .text.LL_ADC_SetCalibrationFactor
                0x08002d5e       0x28 ./Drivers/STM32G0xx_HAL_Driver/Src/stm32g0xx_hal_adc_ex.o
 .text.LL_ADC_GetCalibrationFactor
                0x08002d86       0x1a ./Drivers/STM32G0xx_HAL_Driver/Src/stm32g0xx_hal_adc_ex.o
 .text.LL_ADC_Enable
                0x08002da0       0x24 ./Drivers/STM32G0xx_HAL_Driver/Src/stm32g0xx_hal_adc_ex.o
 .text.LL_ADC_Disable
                0x08002dc4       0x24 ./Drivers/STM32G0xx_HAL_Driver/Src/stm32g0xx_hal_adc_ex.o
 .text.LL_ADC_IsEnabled
                0x08002de8       0x22 ./Drivers/STM32G0xx_HAL_Driver/Src/stm32g0xx_hal_adc_ex.o
 *fill*         0x08002e0a        0x2 
 .text.LL_ADC_StartCalibration
                0x08002e0c       0x28 ./Drivers/STM32G0xx_HAL_Driver/Src/stm32g0xx_hal_adc_ex.o
 .text.LL_ADC_IsCalibrationOnGoing
                0x08002e34       0x26 ./Drivers/STM32G0xx_HAL_Driver/Src/stm32g0xx_hal_adc_ex.o
 *fill*         0x08002e5a        0x2 
 .text.HAL_ADCEx_Calibration_Start
                0x08002e5c      0x1f8 ./Drivers/STM32G0xx_HAL_Driver/Src/stm32g0xx_hal_adc_ex.o
                0x08002e5c                HAL_ADCEx_Calibration_Start
 .text.__NVIC_EnableIRQ
                0x08003054       0x34 ./Drivers/STM32G0xx_HAL_Driver/Src/stm32g0xx_hal_cortex.o
 .text.__NVIC_DisableIRQ
                0x08003088       0x44 ./Drivers/STM32G0xx_HAL_Driver/Src/stm32g0xx_hal_cortex.o
 .text.__NVIC_SetPriority
                0x080030cc       0xdc ./Drivers/STM32G0xx_HAL_Driver/Src/stm32g0xx_hal_cortex.o
 .text.SysTick_Config
                0x080031a8       0x48 ./Drivers/STM32G0xx_HAL_Driver/Src/stm32g0xx_hal_cortex.o
 .text.HAL_NVIC_SetPriority
                0x080031f0       0x2a ./Drivers/STM32G0xx_HAL_Driver/Src/stm32g0xx_hal_cortex.o
                0x080031f0                HAL_NVIC_SetPriority
 .text.HAL_NVIC_EnableIRQ
                0x0800321a       0x20 ./Drivers/STM32G0xx_HAL_Driver/Src/stm32g0xx_hal_cortex.o
                0x0800321a                HAL_NVIC_EnableIRQ
 .text.HAL_NVIC_DisableIRQ
                0x0800323a       0x20 ./Drivers/STM32G0xx_HAL_Driver/Src/stm32g0xx_hal_cortex.o
                0x0800323a                HAL_NVIC_DisableIRQ
 .text.HAL_SYSTICK_Config
                0x0800325a       0x1a ./Drivers/STM32G0xx_HAL_Driver/Src/stm32g0xx_hal_cortex.o
                0x0800325a                HAL_SYSTICK_Config
 .text.HAL_DMA_Init
                0x08003274      0x114 ./Drivers/STM32G0xx_HAL_Driver/Src/stm32g0xx_hal_dma.o
                0x08003274                HAL_DMA_Init
 .text.HAL_DMA_DeInit
                0x08003388       0xf0 ./Drivers/STM32G0xx_HAL_Driver/Src/stm32g0xx_hal_dma.o
                0x08003388                HAL_DMA_DeInit
 .text.HAL_DMA_Start_IT
                0x08003478      0x10c ./Drivers/STM32G0xx_HAL_Driver/Src/stm32g0xx_hal_dma.o
                0x08003478                HAL_DMA_Start_IT
 .text.HAL_DMA_Abort
                0x08003584       0xc4 ./Drivers/STM32G0xx_HAL_Driver/Src/stm32g0xx_hal_dma.o
                0x08003584                HAL_DMA_Abort
 .text.HAL_DMA_Abort_IT
                0x08003648       0xd4 ./Drivers/STM32G0xx_HAL_Driver/Src/stm32g0xx_hal_dma.o
                0x08003648                HAL_DMA_Abort_IT
 .text.HAL_DMA_IRQHandler
                0x0800371c      0x164 ./Drivers/STM32G0xx_HAL_Driver/Src/stm32g0xx_hal_dma.o
                0x0800371c                HAL_DMA_IRQHandler
 .text.HAL_DMA_GetError
                0x08003880       0x14 ./Drivers/STM32G0xx_HAL_Driver/Src/stm32g0xx_hal_dma.o
                0x08003880                HAL_DMA_GetError
 .text.DMA_SetConfig
                0x08003894       0x80 ./Drivers/STM32G0xx_HAL_Driver/Src/stm32g0xx_hal_dma.o
 .text.DMA_CalcDMAMUXChannelBaseAndMask
                0x08003914       0x58 ./Drivers/STM32G0xx_HAL_Driver/Src/stm32g0xx_hal_dma.o
 .text.DMA_CalcDMAMUXRequestGenBaseAndMask
                0x0800396c       0x48 ./Drivers/STM32G0xx_HAL_Driver/Src/stm32g0xx_hal_dma.o
 .text.HAL_GPIO_Init
                0x080039b4      0x2c8 ./Drivers/STM32G0xx_HAL_Driver/Src/stm32g0xx_hal_gpio.o
                0x080039b4                HAL_GPIO_Init
 .text.HAL_GPIO_DeInit
                0x08003c7c      0x1a0 ./Drivers/STM32G0xx_HAL_Driver/Src/stm32g0xx_hal_gpio.o
                0x08003c7c                HAL_GPIO_DeInit
 .text.HAL_GPIO_WritePin
                0x08003e1c       0x3a ./Drivers/STM32G0xx_HAL_Driver/Src/stm32g0xx_hal_gpio.o
                0x08003e1c                HAL_GPIO_WritePin
 .text.HAL_GPIO_TogglePin
                0x08003e56       0x36 ./Drivers/STM32G0xx_HAL_Driver/Src/stm32g0xx_hal_gpio.o
                0x08003e56                HAL_GPIO_TogglePin
 .text.HAL_I2C_Init
                0x08003e8c      0x14c ./Drivers/STM32G0xx_HAL_Driver/Src/stm32g0xx_hal_i2c.o
                0x08003e8c                HAL_I2C_Init
 .text.HAL_I2CEx_ConfigAnalogFilter
                0x08003fd8       0x98 ./Drivers/STM32G0xx_HAL_Driver/Src/stm32g0xx_hal_i2c_ex.o
                0x08003fd8                HAL_I2CEx_ConfigAnalogFilter
 .text.HAL_I2CEx_ConfigDigitalFilter
                0x08004070       0x98 ./Drivers/STM32G0xx_HAL_Driver/Src/stm32g0xx_hal_i2c_ex.o
                0x08004070                HAL_I2CEx_ConfigDigitalFilter
 .text.HAL_PWREx_ControlVoltageScaling
                0x08004108       0x80 ./Drivers/STM32G0xx_HAL_Driver/Src/stm32g0xx_hal_pwr_ex.o
                0x08004108                HAL_PWREx_ControlVoltageScaling
 .text.LL_RCC_GetAPB1Prescaler
                0x08004188       0x18 ./Drivers/STM32G0xx_HAL_Driver/Src/stm32g0xx_hal_rcc.o
 .text.HAL_RCC_OscConfig
                0x080041a0      0x620 ./Drivers/STM32G0xx_HAL_Driver/Src/stm32g0xx_hal_rcc.o
                0x080041a0                HAL_RCC_OscConfig
 .text.HAL_RCC_ClockConfig
                0x080047c0      0x210 ./Drivers/STM32G0xx_HAL_Driver/Src/stm32g0xx_hal_rcc.o
                0x080047c0                HAL_RCC_ClockConfig
 .text.HAL_RCC_GetSysClockFreq
                0x080049d0      0x104 ./Drivers/STM32G0xx_HAL_Driver/Src/stm32g0xx_hal_rcc.o
                0x080049d0                HAL_RCC_GetSysClockFreq
 .text.HAL_RCC_GetHCLKFreq
                0x08004ad4       0x14 ./Drivers/STM32G0xx_HAL_Driver/Src/stm32g0xx_hal_rcc.o
                0x08004ad4                HAL_RCC_GetHCLKFreq
 .text.HAL_RCC_GetPCLK1Freq
                0x08004ae8       0x2c ./Drivers/STM32G0xx_HAL_Driver/Src/stm32g0xx_hal_rcc.o
                0x08004ae8                HAL_RCC_GetPCLK1Freq
 .text.HAL_RCCEx_PeriphCLKConfig
                0x08004b14      0x24c ./Drivers/STM32G0xx_HAL_Driver/Src/stm32g0xx_hal_rcc_ex.o
                0x08004b14                HAL_RCCEx_PeriphCLKConfig
 .text.HAL_TIM_Base_Init
                0x08004d60       0xb0 ./Drivers/STM32G0xx_HAL_Driver/Src/stm32g0xx_hal_tim.o
                0x08004d60                HAL_TIM_Base_Init
 .text.HAL_TIM_Base_Start_IT
                0x08004e10       0x9c ./Drivers/STM32G0xx_HAL_Driver/Src/stm32g0xx_hal_tim.o
                0x08004e10                HAL_TIM_Base_Start_IT
 .text.HAL_TIM_PWM_Init
                0x08004eac       0xb0 ./Drivers/STM32G0xx_HAL_Driver/Src/stm32g0xx_hal_tim.o
                0x08004eac                HAL_TIM_PWM_Init
 .text.HAL_TIM_PWM_MspInit
                0x08004f5c       0x10 ./Drivers/STM32G0xx_HAL_Driver/Src/stm32g0xx_hal_tim.o
                0x08004f5c                HAL_TIM_PWM_MspInit
 .text.HAL_TIM_PWM_Start
                0x08004f6c      0x1b0 ./Drivers/STM32G0xx_HAL_Driver/Src/stm32g0xx_hal_tim.o
                0x08004f6c                HAL_TIM_PWM_Start
 .text.HAL_TIM_IRQHandler
                0x0800511c      0x210 ./Drivers/STM32G0xx_HAL_Driver/Src/stm32g0xx_hal_tim.o
                0x0800511c                HAL_TIM_IRQHandler
 .text.HAL_TIM_PWM_ConfigChannel
                0x0800532c      0x200 ./Drivers/STM32G0xx_HAL_Driver/Src/stm32g0xx_hal_tim.o
                0x0800532c                HAL_TIM_PWM_ConfigChannel
 .text.HAL_TIM_ConfigClockSource
                0x0800552c      0x1ac ./Drivers/STM32G0xx_HAL_Driver/Src/stm32g0xx_hal_tim.o
                0x0800552c                HAL_TIM_ConfigClockSource
 .text.HAL_TIM_SlaveConfigSynchro
                0x080056d8       0x8c ./Drivers/STM32G0xx_HAL_Driver/Src/stm32g0xx_hal_tim.o
                0x080056d8                HAL_TIM_SlaveConfigSynchro
 .text.HAL_TIM_OC_DelayElapsedCallback
                0x08005764       0x10 ./Drivers/STM32G0xx_HAL_Driver/Src/stm32g0xx_hal_tim.o
                0x08005764                HAL_TIM_OC_DelayElapsedCallback
 .text.HAL_TIM_IC_CaptureCallback
                0x08005774       0x10 ./Drivers/STM32G0xx_HAL_Driver/Src/stm32g0xx_hal_tim.o
                0x08005774                HAL_TIM_IC_CaptureCallback
 .text.HAL_TIM_PWM_PulseFinishedCallback
                0x08005784       0x10 ./Drivers/STM32G0xx_HAL_Driver/Src/stm32g0xx_hal_tim.o
                0x08005784                HAL_TIM_PWM_PulseFinishedCallback
 .text.HAL_TIM_TriggerCallback
                0x08005794       0x10 ./Drivers/STM32G0xx_HAL_Driver/Src/stm32g0xx_hal_tim.o
                0x08005794                HAL_TIM_TriggerCallback
 .text.TIM_Base_SetConfig
                0x080057a4       0xf4 ./Drivers/STM32G0xx_HAL_Driver/Src/stm32g0xx_hal_tim.o
                0x080057a4                TIM_Base_SetConfig
 .text.TIM_OC1_SetConfig
                0x08005898      0x100 ./Drivers/STM32G0xx_HAL_Driver/Src/stm32g0xx_hal_tim.o
 .text.TIM_OC2_SetConfig
                0x08005998       0xfc ./Drivers/STM32G0xx_HAL_Driver/Src/stm32g0xx_hal_tim.o
                0x08005998                TIM_OC2_SetConfig
 .text.TIM_OC3_SetConfig
                0x08005a94      0x104 ./Drivers/STM32G0xx_HAL_Driver/Src/stm32g0xx_hal_tim.o
 .text.TIM_OC4_SetConfig
                0x08005b98       0xc8 ./Drivers/STM32G0xx_HAL_Driver/Src/stm32g0xx_hal_tim.o
 .text.TIM_OC5_SetConfig
                0x08005c60       0xb4 ./Drivers/STM32G0xx_HAL_Driver/Src/stm32g0xx_hal_tim.o
 .text.TIM_OC6_SetConfig
                0x08005d14       0xbc ./Drivers/STM32G0xx_HAL_Driver/Src/stm32g0xx_hal_tim.o
 .text.TIM_SlaveTimer_SetConfig
                0x08005dd0      0x12c ./Drivers/STM32G0xx_HAL_Driver/Src/stm32g0xx_hal_tim.o
 .text.TIM_TI1_ConfigInputStage
                0x08005efc       0x5c ./Drivers/STM32G0xx_HAL_Driver/Src/stm32g0xx_hal_tim.o
 .text.TIM_TI2_ConfigInputStage
                0x08005f58       0x64 ./Drivers/STM32G0xx_HAL_Driver/Src/stm32g0xx_hal_tim.o
 .text.TIM_ITRx_SetConfig
                0x08005fbc       0x38 ./Drivers/STM32G0xx_HAL_Driver/Src/stm32g0xx_hal_tim.o
 .text.TIM_ETR_SetConfig
                0x08005ff4       0x40 ./Drivers/STM32G0xx_HAL_Driver/Src/stm32g0xx_hal_tim.o
                0x08005ff4                TIM_ETR_SetConfig
 .text.TIM_CCxChannelCmd
                0x08006034       0x46 ./Drivers/STM32G0xx_HAL_Driver/Src/stm32g0xx_hal_tim.o
                0x08006034                TIM_CCxChannelCmd
 *fill*         0x0800607a        0x2 
 .text.HAL_TIMEx_MasterConfigSynchronization
                0x0800607c       0xc4 ./Drivers/STM32G0xx_HAL_Driver/Src/stm32g0xx_hal_tim_ex.o
                0x0800607c                HAL_TIMEx_MasterConfigSynchronization
 .text.HAL_TIMEx_ConfigBreakDeadTime
                0x08006140      0x138 ./Drivers/STM32G0xx_HAL_Driver/Src/stm32g0xx_hal_tim_ex.o
                0x08006140                HAL_TIMEx_ConfigBreakDeadTime
 .text.HAL_TIMEx_CommutCallback
                0x08006278       0x10 ./Drivers/STM32G0xx_HAL_Driver/Src/stm32g0xx_hal_tim_ex.o
                0x08006278                HAL_TIMEx_CommutCallback
 .text.HAL_TIMEx_BreakCallback
                0x08006288       0x10 ./Drivers/STM32G0xx_HAL_Driver/Src/stm32g0xx_hal_tim_ex.o
                0x08006288                HAL_TIMEx_BreakCallback
 .text.HAL_TIMEx_Break2Callback
                0x08006298       0x10 ./Drivers/STM32G0xx_HAL_Driver/Src/stm32g0xx_hal_tim_ex.o
                0x08006298                HAL_TIMEx_Break2Callback
 .text.HAL_UART_Init
                0x080062a8       0xac ./Drivers/STM32G0xx_HAL_Driver/Src/stm32g0xx_hal_uart.o
                0x080062a8                HAL_UART_Init
 .text.HAL_UART_DeInit
                0x08006354       0x80 ./Drivers/STM32G0xx_HAL_Driver/Src/stm32g0xx_hal_uart.o
                0x08006354                HAL_UART_DeInit
 .text.HAL_UART_Transmit_DMA
                0x080063d4      0x124 ./Drivers/STM32G0xx_HAL_Driver/Src/stm32g0xx_hal_uart.o
                0x080063d4                HAL_UART_Transmit_DMA
 .text.HAL_UART_DMAStop
                0x080064f8      0x128 ./Drivers/STM32G0xx_HAL_Driver/Src/stm32g0xx_hal_uart.o
                0x080064f8                HAL_UART_DMAStop
 .text.HAL_UART_IRQHandler
                0x08006620      0x64c ./Drivers/STM32G0xx_HAL_Driver/Src/stm32g0xx_hal_uart.o
                0x08006620                HAL_UART_IRQHandler
 .text.HAL_UART_TxHalfCpltCallback
                0x08006c6c       0x10 ./Drivers/STM32G0xx_HAL_Driver/Src/stm32g0xx_hal_uart.o
                0x08006c6c                HAL_UART_TxHalfCpltCallback
 .text.HAL_UART_RxCpltCallback
                0x08006c7c       0x10 ./Drivers/STM32G0xx_HAL_Driver/Src/stm32g0xx_hal_uart.o
                0x08006c7c                HAL_UART_RxCpltCallback
 .text.HAL_UART_RxHalfCpltCallback
                0x08006c8c       0x10 ./Drivers/STM32G0xx_HAL_Driver/Src/stm32g0xx_hal_uart.o
                0x08006c8c                HAL_UART_RxHalfCpltCallback
 .text.HAL_UART_ErrorCallback
                0x08006c9c       0x10 ./Drivers/STM32G0xx_HAL_Driver/Src/stm32g0xx_hal_uart.o
                0x08006c9c                HAL_UART_ErrorCallback
 .text.UART_SetConfig
                0x08006cac      0x2d4 ./Drivers/STM32G0xx_HAL_Driver/Src/stm32g0xx_hal_uart.o
                0x08006cac                UART_SetConfig
 .text.UART_AdvFeatureConfig
                0x08006f80      0x168 ./Drivers/STM32G0xx_HAL_Driver/Src/stm32g0xx_hal_uart.o
                0x08006f80                UART_AdvFeatureConfig
 .text.UART_CheckIdleState
                0x080070e8      0x154 ./Drivers/STM32G0xx_HAL_Driver/Src/stm32g0xx_hal_uart.o
                0x080070e8                UART_CheckIdleState
 .text.UART_WaitOnFlagUntilTimeout
                0x0800723c       0xde ./Drivers/STM32G0xx_HAL_Driver/Src/stm32g0xx_hal_uart.o
                0x0800723c                UART_WaitOnFlagUntilTimeout
 *fill*         0x0800731a        0x2 
 .text.UART_Start_Receive_DMA
                0x0800731c      0x14c ./Drivers/STM32G0xx_HAL_Driver/Src/stm32g0xx_hal_uart.o
                0x0800731c                UART_Start_Receive_DMA
 .text.UART_EndTxTransfer
                0x08007468       0x80 ./Drivers/STM32G0xx_HAL_Driver/Src/stm32g0xx_hal_uart.o
 .text.UART_EndRxTransfer
                0x080074e8       0xcc ./Drivers/STM32G0xx_HAL_Driver/Src/stm32g0xx_hal_uart.o
 .text.UART_DMATransmitCplt
                0x080075b4       0x98 ./Drivers/STM32G0xx_HAL_Driver/Src/stm32g0xx_hal_uart.o
 .text.UART_DMATxHalfCplt
                0x0800764c       0x1e ./Drivers/STM32G0xx_HAL_Driver/Src/stm32g0xx_hal_uart.o
 *fill*         0x0800766a        0x2 
 .text.UART_DMAReceiveCplt
                0x0800766c      0x130 ./Drivers/STM32G0xx_HAL_Driver/Src/stm32g0xx_hal_uart.o
 .text.UART_DMARxHalfCplt
                0x0800779c       0x42 ./Drivers/STM32G0xx_HAL_Driver/Src/stm32g0xx_hal_uart.o
 .text.UART_DMAError
                0x080077de       0x86 ./Drivers/STM32G0xx_HAL_Driver/Src/stm32g0xx_hal_uart.o
 .text.UART_DMAAbortOnError
                0x08007864       0x2e ./Drivers/STM32G0xx_HAL_Driver/Src/stm32g0xx_hal_uart.o
 .text.UART_EndTransmit_IT
                0x08007892       0x58 ./Drivers/STM32G0xx_HAL_Driver/Src/stm32g0xx_hal_uart.o
 .text.HAL_UARTEx_WakeupCallback
                0x080078ea       0x10 ./Drivers/STM32G0xx_HAL_Driver/Src/stm32g0xx_hal_uart_ex.o
                0x080078ea                HAL_UARTEx_WakeupCallback
 .text.HAL_UARTEx_RxFifoFullCallback
                0x080078fa       0x10 ./Drivers/STM32G0xx_HAL_Driver/Src/stm32g0xx_hal_uart_ex.o
                0x080078fa                HAL_UARTEx_RxFifoFullCallback
 .text.HAL_UARTEx_TxFifoEmptyCallback
                0x0800790a       0x10 ./Drivers/STM32G0xx_HAL_Driver/Src/stm32g0xx_hal_uart_ex.o
                0x0800790a                HAL_UARTEx_TxFifoEmptyCallback
 *fill*         0x0800791a        0x2 
 .text.HAL_UARTEx_DisableFifoMode
                0x0800791c       0x74 ./Drivers/STM32G0xx_HAL_Driver/Src/stm32g0xx_hal_uart_ex.o
                0x0800791c                HAL_UARTEx_DisableFifoMode
 .text.HAL_UARTEx_SetTxFifoThreshold
                0x08007990       0x7e ./Drivers/STM32G0xx_HAL_Driver/Src/stm32g0xx_hal_uart_ex.o
                0x08007990                HAL_UARTEx_SetTxFifoThreshold
 *fill*         0x08007a0e        0x2 
 .text.HAL_UARTEx_SetRxFifoThreshold
                0x08007a10       0x84 ./Drivers/STM32G0xx_HAL_Driver/Src/stm32g0xx_hal_uart_ex.o
                0x08007a10                HAL_UARTEx_SetRxFifoThreshold
 .text.HAL_UARTEx_ReceiveToIdle_DMA
                0x08007a94       0xd0 ./Drivers/STM32G0xx_HAL_Driver/Src/stm32g0xx_hal_uart_ex.o
                0x08007a94                HAL_UARTEx_ReceiveToIdle_DMA
 .text.UARTEx_SetNbDataToProcess
                0x08007b64       0xbc ./Drivers/STM32G0xx_HAL_Driver/Src/stm32g0xx_hal_uart_ex.o
 .text.memset   0x08007c20       0x10 C:/ST/STM32CubeIDE_1.16.1/STM32CubeIDE/plugins/com.st.stm32cube.ide.mcu.externaltools.gnu-tools-for-stm32.12.3.rel1.win32_1.0.200.202406191623/tools/bin/../lib/gcc/arm-none-eabi/12.3.1/../../../../arm-none-eabi/lib/thumb/v6-m/nofp\libc_nano.a(libc_a-memset.o)
                0x08007c20                memset
 .text.__libc_init_array
                0x08007c30       0x48 C:/ST/STM32CubeIDE_1.16.1/STM32CubeIDE/plugins/com.st.stm32cube.ide.mcu.externaltools.gnu-tools-for-stm32.12.3.rel1.win32_1.0.200.202406191623/tools/bin/../lib/gcc/arm-none-eabi/12.3.1/../../../../arm-none-eabi/lib/thumb/v6-m/nofp\libc_nano.a(libc_a-init.o)
                0x08007c30                __libc_init_array
 *(.glue_7)
 .glue_7        0x08007c78        0x0 linker stubs
 *(.glue_7t)
 .glue_7t       0x08007c78        0x0 linker stubs
 *(.eh_frame)
 .eh_frame      0x08007c78        0x0 C:/ST/STM32CubeIDE_1.16.1/STM32CubeIDE/plugins/com.st.stm32cube.ide.mcu.externaltools.gnu-tools-for-stm32.12.3.rel1.win32_1.0.200.202406191623/tools/bin/../lib/gcc/arm-none-eabi/12.3.1/thumb/v6-m/nofp/crtbegin.o
 *(.init)
 .init          0x08007c78        0x4 C:/ST/STM32CubeIDE_1.16.1/STM32CubeIDE/plugins/com.st.stm32cube.ide.mcu.externaltools.gnu-tools-for-stm32.12.3.rel1.win32_1.0.200.202406191623/tools/bin/../lib/gcc/arm-none-eabi/12.3.1/thumb/v6-m/nofp/crti.o
                0x08007c78                _init
 .init          0x08007c7c        0x8 C:/ST/STM32CubeIDE_1.16.1/STM32CubeIDE/plugins/com.st.stm32cube.ide.mcu.externaltools.gnu-tools-for-stm32.12.3.rel1.win32_1.0.200.202406191623/tools/bin/../lib/gcc/arm-none-eabi/12.3.1/thumb/v6-m/nofp/crtn.o
 *(.fini)
 .fini          0x08007c84        0x4 C:/ST/STM32CubeIDE_1.16.1/STM32CubeIDE/plugins/com.st.stm32cube.ide.mcu.externaltools.gnu-tools-for-stm32.12.3.rel1.win32_1.0.200.202406191623/tools/bin/../lib/gcc/arm-none-eabi/12.3.1/thumb/v6-m/nofp/crti.o
                0x08007c84                _fini
 .fini          0x08007c88        0x8 C:/ST/STM32CubeIDE_1.16.1/STM32CubeIDE/plugins/com.st.stm32cube.ide.mcu.externaltools.gnu-tools-for-stm32.12.3.rel1.win32_1.0.200.202406191623/tools/bin/../lib/gcc/arm-none-eabi/12.3.1/thumb/v6-m/nofp/crtn.o
                0x08007c90                        . = ALIGN (0x4)
                0x08007c90                        _etext = .

.vfp11_veneer   0x08007c90        0x0
 .vfp11_veneer  0x08007c90        0x0 linker stubs

.v4_bx          0x08007c90        0x0
 .v4_bx         0x08007c90        0x0 linker stubs

.iplt           0x08007c90        0x0
 .iplt          0x08007c90        0x0 C:/ST/STM32CubeIDE_1.16.1/STM32CubeIDE/plugins/com.st.stm32cube.ide.mcu.externaltools.gnu-tools-for-stm32.12.3.rel1.win32_1.0.200.202406191623/tools/bin/../lib/gcc/arm-none-eabi/12.3.1/thumb/v6-m/nofp/crtbegin.o

.rodata         0x08007c90      0x120
                0x08007c90                        . = ALIGN (0x4)
 *(.rodata)
 *(.rodata*)
 .rodata.Registers_handler
                0x08007c90       0x44 ./Core/Src/Registers_handler.o
 .rodata.AHBPrescTable
                0x08007cd4       0x40 ./Core/Src/system_stm32g0xx.o
                0x08007cd4                AHBPrescTable
 .rodata.APBPrescTable
                0x08007d14       0x20 ./Core/Src/system_stm32g0xx.o
                0x08007d14                APBPrescTable
 .rodata.HAL_TIM_PWM_ConfigChannel
                0x08007d34       0x54 ./Drivers/STM32G0xx_HAL_Driver/Src/stm32g0xx_hal_tim.o
 .rodata.UARTPrescTable
                0x08007d88       0x18 ./Drivers/STM32G0xx_HAL_Driver/Src/stm32g0xx_hal_uart.o
                0x08007d88                UARTPrescTable
 .rodata.numerator.1
                0x08007da0        0x8 ./Drivers/STM32G0xx_HAL_Driver/Src/stm32g0xx_hal_uart_ex.o
 .rodata.denominator.0
                0x08007da8        0x8 ./Drivers/STM32G0xx_HAL_Driver/Src/stm32g0xx_hal_uart_ex.o
                0x08007db0                        . = ALIGN (0x4)

.ARM.extab      0x08007db0        0x0
                0x08007db0                        . = ALIGN (0x4)
 *(.ARM.extab* .gnu.linkonce.armextab.*)
                0x08007db0                        . = ALIGN (0x4)

.ARM            0x08007db0        0x0
                0x08007db0                        . = ALIGN (0x4)
                0x08007db0                        __exidx_start = .
 *(.ARM.exidx*)
                0x08007db0                        __exidx_end = .
                0x08007db0                        . = ALIGN (0x4)

.preinit_array  0x08007db0        0x0
                0x08007db0                        . = ALIGN (0x4)
                0x08007db0                        PROVIDE (__preinit_array_start = .)
 *(.preinit_array*)
                0x08007db0                        PROVIDE (__preinit_array_end = .)
                0x08007db0                        . = ALIGN (0x4)

.init_array     0x08007db0        0x4
                0x08007db0                        . = ALIGN (0x4)
                0x08007db0                        PROVIDE (__init_array_start = .)
 *(SORT_BY_NAME(.init_array.*))
 *(.init_array*)
 .init_array    0x08007db0        0x4 C:/ST/STM32CubeIDE_1.16.1/STM32CubeIDE/plugins/com.st.stm32cube.ide.mcu.externaltools.gnu-tools-for-stm32.12.3.rel1.win32_1.0.200.202406191623/tools/bin/../lib/gcc/arm-none-eabi/12.3.1/thumb/v6-m/nofp/crtbegin.o
                0x08007db4                        PROVIDE (__init_array_end = .)
                0x08007db4                        . = ALIGN (0x4)

.fini_array     0x08007db4        0x4
                0x08007db4                        . = ALIGN (0x4)
                [!provide]                        PROVIDE (__fini_array_start = .)
 *(SORT_BY_NAME(.fini_array.*))
 *(.fini_array*)
 .fini_array    0x08007db4        0x4 C:/ST/STM32CubeIDE_1.16.1/STM32CubeIDE/plugins/com.st.stm32cube.ide.mcu.externaltools.gnu-tools-for-stm32.12.3.rel1.win32_1.0.200.202406191623/tools/bin/../lib/gcc/arm-none-eabi/12.3.1/thumb/v6-m/nofp/crtbegin.o
                [!provide]                        PROVIDE (__fini_array_end = .)
                0x08007db8                        . = ALIGN (0x4)
                0x08007db8                        _sidata = LOADADDR (.data)

.rel.dyn        0x08007db8        0x0
 .rel.iplt      0x08007db8        0x0 C:/ST/STM32CubeIDE_1.16.1/STM32CubeIDE/plugins/com.st.stm32cube.ide.mcu.externaltools.gnu-tools-for-stm32.12.3.rel1.win32_1.0.200.202406191623/tools/bin/../lib/gcc/arm-none-eabi/12.3.1/thumb/v6-m/nofp/crtbegin.o

.data           0x20000000       0x10 load address 0x08007db8
                0x20000000                        . = ALIGN (0x4)
                0x20000000                        _sdata = .
 *(.data)
 *(.data*)
 .data.SLAVE_ID
                0x20000000        0x1 ./Core/Src/main.o
                0x20000000                SLAVE_ID
 *fill*         0x20000001        0x3 
 .data.SystemCoreClock
                0x20000004        0x4 ./Core/Src/system_stm32g0xx.o
                0x20000004                SystemCoreClock
 .data.uwTickPrio
                0x20000008        0x4 ./Drivers/STM32G0xx_HAL_Driver/Src/stm32g0xx_hal.o
                0x20000008                uwTickPrio
 .data.uwTickFreq
                0x2000000c        0x1 ./Drivers/STM32G0xx_HAL_Driver/Src/stm32g0xx_hal.o
                0x2000000c                uwTickFreq
 *(.RamFunc)
 *(.RamFunc*)
                0x20000010                        . = ALIGN (0x4)
 *fill*         0x2000000d        0x3 
                0x20000010                        _edata = .

.igot.plt       0x20000010        0x0 load address 0x08007dc8
 .igot.plt      0x20000010        0x0 C:/ST/STM32CubeIDE_1.16.1/STM32CubeIDE/plugins/com.st.stm32cube.ide.mcu.externaltools.gnu-tools-for-stm32.12.3.rel1.win32_1.0.200.202406191623/tools/bin/../lib/gcc/arm-none-eabi/12.3.1/thumb/v6-m/nofp/crtbegin.o
                0x20000010                        . = ALIGN (0x4)

.bss            0x20000010      0x550 load address 0x08007dc8
                0x20000010                        _sbss = .
                0x20000010                        __bss_start__ = _sbss
 *(.bss)
 .bss           0x20000010       0x1c C:/ST/STM32CubeIDE_1.16.1/STM32CubeIDE/plugins/com.st.stm32cube.ide.mcu.externaltools.gnu-tools-for-stm32.12.3.rel1.win32_1.0.200.202406191623/tools/bin/../lib/gcc/arm-none-eabi/12.3.1/thumb/v6-m/nofp/crtbegin.o
 *(.bss*)
 .bss.hadc1     0x2000002c       0x64 ./Core/Src/main.o
                0x2000002c                hadc1
 .bss.hi2c2     0x20000090       0x54 ./Core/Src/main.o
                0x20000090                hi2c2
 .bss.htim1     0x200000e4       0x4c ./Core/Src/main.o
                0x200000e4                htim1
 .bss.htim3     0x20000130       0x4c ./Core/Src/main.o
                0x20000130                htim3
 .bss.htim14    0x2000017c       0x4c ./Core/Src/main.o
                0x2000017c                htim14
 .bss.huart1    0x200001c8       0x94 ./Core/Src/main.o
                0x200001c8                huart1
 .bss.hdma_usart1_rx
                0x2000025c       0x5c ./Core/Src/main.o
                0x2000025c                hdma_usart1_rx
 .bss.hdma_usart1_tx
                0x200002b8       0x5c ./Core/Src/main.o
                0x200002b8                hdma_usart1_tx
 .bss.lastActivityTime
                0x20000314        0x4 ./Core/Src/main.o
                0x20000314                lastActivityTime
 .bss.rxFrame   0x20000318       0x40 ./Core/Src/main.o
                0x20000318                rxFrame
 .bss.txFrame   0x20000358       0xff ./Core/Src/main.o
                0x20000358                txFrame
 *fill*         0x20000457        0x1 
 .bss.data_reg  0x20000458       0x80 ./Core/Src/main.o
                0x20000458                data_reg
 .bss.rcv_data_reg
                0x200004d8       0x80 ./Core/Src/main.o
                0x200004d8                rcv_data_reg
 .bss.dicreteInputs
                0x20000558        0x1 ./Core/Src/main.o
                0x20000558                dicreteInputs
 .bss.coils     0x20000559        0x1 ./Core/Src/main.o
                0x20000559                coils
 *fill*         0x2000055a        0x2 
 .bss.uwTick    0x2000055c        0x4 ./Drivers/STM32G0xx_HAL_Driver/Src/stm32g0xx_hal.o
                0x2000055c                uwTick
 *(COMMON)
                0x20000560                        . = ALIGN (0x4)
                0x20000560                        _ebss = .
                0x20000560                        __bss_end__ = _ebss

._user_heap_stack
                0x20000560      0x600 load address 0x08007dc8
                0x20000560                        . = ALIGN (0x8)
                [!provide]                        PROVIDE (end = .)
                0x20000560                        PROVIDE (_end = .)
                0x20000760                        . = (. + _Min_Heap_Size)
 *fill*         0x20000560      0x200 
                0x20000b60                        . = (. + _Min_Stack_Size)
 *fill*         0x20000760      0x400 
                0x20000b60                        . = ALIGN (0x8)

/DISCARD/
 libc.a(*)
 libm.a(*)
 libgcc.a(*)

.ARM.attributes
                0x00000000       0x28
 *(.ARM.attributes)
 .ARM.attributes
                0x00000000       0x1e C:/ST/STM32CubeIDE_1.16.1/STM32CubeIDE/plugins/com.st.stm32cube.ide.mcu.externaltools.gnu-tools-for-stm32.12.3.rel1.win32_1.0.200.202406191623/tools/bin/../lib/gcc/arm-none-eabi/12.3.1/thumb/v6-m/nofp/crti.o
 .ARM.attributes
                0x0000001e       0x2c C:/ST/STM32CubeIDE_1.16.1/STM32CubeIDE/plugins/com.st.stm32cube.ide.mcu.externaltools.gnu-tools-for-stm32.12.3.rel1.win32_1.0.200.202406191623/tools/bin/../lib/gcc/arm-none-eabi/12.3.1/thumb/v6-m/nofp/crtbegin.o
 .ARM.attributes
                0x0000004a       0x2c ./Core/Src/Registers_handler.o
 .ARM.attributes
                0x00000076       0x2c ./Core/Src/main.o
 .ARM.attributes
                0x000000a2       0x2c ./Core/Src/modbusDevice.o
 .ARM.attributes
                0x000000ce       0x2c ./Core/Src/modbusSlave.o
 .ARM.attributes
                0x000000fa       0x2c ./Core/Src/stm32g0xx_hal_msp.o
 .ARM.attributes
                0x00000126       0x2c ./Core/Src/stm32g0xx_it.o
 .ARM.attributes
                0x00000152       0x2c ./Core/Src/system_stm32g0xx.o
 .ARM.attributes
                0x0000017e       0x22 ./Core/Startup/startup_stm32g030f6px.o
 .ARM.attributes
                0x000001a0       0x2c ./Drivers/STM32G0xx_HAL_Driver/Src/stm32g0xx_hal.o
 .ARM.attributes
                0x000001cc       0x2c ./Drivers/STM32G0xx_HAL_Driver/Src/stm32g0xx_hal_adc.o
 .ARM.attributes
                0x000001f8       0x2c ./Drivers/STM32G0xx_HAL_Driver/Src/stm32g0xx_hal_adc_ex.o
 .ARM.attributes
                0x00000224       0x2c ./Drivers/STM32G0xx_HAL_Driver/Src/stm32g0xx_hal_cortex.o
 .ARM.attributes
                0x00000250       0x2c ./Drivers/STM32G0xx_HAL_Driver/Src/stm32g0xx_hal_dma.o
 .ARM.attributes
                0x0000027c       0x2c ./Drivers/STM32G0xx_HAL_Driver/Src/stm32g0xx_hal_gpio.o
 .ARM.attributes
                0x000002a8       0x2c ./Drivers/STM32G0xx_HAL_Driver/Src/stm32g0xx_hal_i2c.o
 .ARM.attributes
                0x000002d4       0x2c ./Drivers/STM32G0xx_HAL_Driver/Src/stm32g0xx_hal_i2c_ex.o
 .ARM.attributes
                0x00000300       0x2c ./Drivers/STM32G0xx_HAL_Driver/Src/stm32g0xx_hal_pwr_ex.o
 .ARM.attributes
                0x0000032c       0x2c ./Drivers/STM32G0xx_HAL_Driver/Src/stm32g0xx_hal_rcc.o
 .ARM.attributes
                0x00000358       0x2c ./Drivers/STM32G0xx_HAL_Driver/Src/stm32g0xx_hal_rcc_ex.o
 .ARM.attributes
                0x00000384       0x2c ./Drivers/STM32G0xx_HAL_Driver/Src/stm32g0xx_hal_tim.o
 .ARM.attributes
                0x000003b0       0x2c ./Drivers/STM32G0xx_HAL_Driver/Src/stm32g0xx_hal_tim_ex.o
 .ARM.attributes
                0x000003dc       0x2c ./Drivers/STM32G0xx_HAL_Driver/Src/stm32g0xx_hal_uart.o
 .ARM.attributes
                0x00000408       0x2c ./Drivers/STM32G0xx_HAL_Driver/Src/stm32g0xx_hal_uart_ex.o
 .ARM.attributes
                0x00000434       0x2c C:/ST/STM32CubeIDE_1.16.1/STM32CubeIDE/plugins/com.st.stm32cube.ide.mcu.externaltools.gnu-tools-for-stm32.12.3.rel1.win32_1.0.200.202406191623/tools/bin/../lib/gcc/arm-none-eabi/12.3.1/../../../../arm-none-eabi/lib/thumb/v6-m/nofp\libc_nano.a(libc_a-memset.o)
 .ARM.attributes
                0x00000460       0x2c C:/ST/STM32CubeIDE_1.16.1/STM32CubeIDE/plugins/com.st.stm32cube.ide.mcu.externaltools.gnu-tools-for-stm32.12.3.rel1.win32_1.0.200.202406191623/tools/bin/../lib/gcc/arm-none-eabi/12.3.1/../../../../arm-none-eabi/lib/thumb/v6-m/nofp\libc_nano.a(libc_a-init.o)
 .ARM.attributes
                0x0000048c       0x1e C:/ST/STM32CubeIDE_1.16.1/STM32CubeIDE/plugins/com.st.stm32cube.ide.mcu.externaltools.gnu-tools-for-stm32.12.3.rel1.win32_1.0.200.202406191623/tools/bin/../lib/gcc/arm-none-eabi/12.3.1/thumb/v6-m/nofp\libgcc.a(_udivsi3.o)
 .ARM.attributes
                0x000004aa       0x1e C:/ST/STM32CubeIDE_1.16.1/STM32CubeIDE/plugins/com.st.stm32cube.ide.mcu.externaltools.gnu-tools-for-stm32.12.3.rel1.win32_1.0.200.202406191623/tools/bin/../lib/gcc/arm-none-eabi/12.3.1/thumb/v6-m/nofp\libgcc.a(_divsi3.o)
 .ARM.attributes
                0x000004c8       0x1e C:/ST/STM32CubeIDE_1.16.1/STM32CubeIDE/plugins/com.st.stm32cube.ide.mcu.externaltools.gnu-tools-for-stm32.12.3.rel1.win32_1.0.200.202406191623/tools/bin/../lib/gcc/arm-none-eabi/12.3.1/thumb/v6-m/nofp\libgcc.a(_dvmd_tls.o)
 .ARM.attributes
                0x000004e6       0x1e C:/ST/STM32CubeIDE_1.16.1/STM32CubeIDE/plugins/com.st.stm32cube.ide.mcu.externaltools.gnu-tools-for-stm32.12.3.rel1.win32_1.0.200.202406191623/tools/bin/../lib/gcc/arm-none-eabi/12.3.1/thumb/v6-m/nofp/crtn.o
OUTPUT(PWM_Controller_Full_bridge.elf elf32-littlearm)
LOAD linker stubs
LOAD C:/ST/STM32CubeIDE_1.16.1/STM32CubeIDE/plugins/com.st.stm32cube.ide.mcu.externaltools.gnu-tools-for-stm32.12.3.rel1.win32_1.0.200.202406191623/tools/bin/../lib/gcc/arm-none-eabi/12.3.1/../../../../arm-none-eabi/lib/thumb/v6-m/nofp\libc.a
LOAD C:/ST/STM32CubeIDE_1.16.1/STM32CubeIDE/plugins/com.st.stm32cube.ide.mcu.externaltools.gnu-tools-for-stm32.12.3.rel1.win32_1.0.200.202406191623/tools/bin/../lib/gcc/arm-none-eabi/12.3.1/../../../../arm-none-eabi/lib/thumb/v6-m/nofp\libm.a
LOAD C:/ST/STM32CubeIDE_1.16.1/STM32CubeIDE/plugins/com.st.stm32cube.ide.mcu.externaltools.gnu-tools-for-stm32.12.3.rel1.win32_1.0.200.202406191623/tools/bin/../lib/gcc/arm-none-eabi/12.3.1/thumb/v6-m/nofp\libgcc.a

.debug_info     0x00000000    0x18a49
 .debug_info    0x00000000      0xb4f ./Core/Src/Registers_handler.o
 .debug_info    0x00000b4f     0x212f ./Core/Src/main.o
 .debug_info    0x00002c7e      0xabd ./Core/Src/modbusDevice.o
 .debug_info    0x0000373b      0xcdc ./Core/Src/modbusSlave.o
 .debug_info    0x00004417     0x1881 ./Core/Src/stm32g0xx_hal_msp.o
 .debug_info    0x00005c98      0xbe8 ./Core/Src/stm32g0xx_it.o
 .debug_info    0x00006880      0x316 ./Core/Src/system_stm32g0xx.o
 .debug_info    0x00006b96       0x30 ./Core/Startup/startup_stm32g030f6px.o
 .debug_info    0x00006bc6      0x8f0 ./Drivers/STM32G0xx_HAL_Driver/Src/stm32g0xx_hal.o
 .debug_info    0x000074b6     0x155e ./Drivers/STM32G0xx_HAL_Driver/Src/stm32g0xx_hal_adc.o
 .debug_info    0x00008a14      0xb2e ./Drivers/STM32G0xx_HAL_Driver/Src/stm32g0xx_hal_adc_ex.o
 .debug_info    0x00009542      0x8a9 ./Drivers/STM32G0xx_HAL_Driver/Src/stm32g0xx_hal_cortex.o
 .debug_info    0x00009deb      0x86b ./Drivers/STM32G0xx_HAL_Driver/Src/stm32g0xx_hal_dma.o
 .debug_info    0x0000a656      0x59d ./Drivers/STM32G0xx_HAL_Driver/Src/stm32g0xx_hal_gpio.o
 .debug_info    0x0000abf3     0x21bc ./Drivers/STM32G0xx_HAL_Driver/Src/stm32g0xx_hal_i2c.o
 .debug_info    0x0000cdaf      0x9d9 ./Drivers/STM32G0xx_HAL_Driver/Src/stm32g0xx_hal_i2c_ex.o
 .debug_info    0x0000d788      0x496 ./Drivers/STM32G0xx_HAL_Driver/Src/stm32g0xx_hal_pwr_ex.o
 .debug_info    0x0000dc1e      0xad0 ./Drivers/STM32G0xx_HAL_Driver/Src/stm32g0xx_hal_rcc.o
 .debug_info    0x0000e6ee      0x72b ./Drivers/STM32G0xx_HAL_Driver/Src/stm32g0xx_hal_rcc_ex.o
 .debug_info    0x0000ee19     0x2ba7 ./Drivers/STM32G0xx_HAL_Driver/Src/stm32g0xx_hal_tim.o
 .debug_info    0x000119c0     0x18b8 ./Drivers/STM32G0xx_HAL_Driver/Src/stm32g0xx_hal_tim_ex.o
 .debug_info    0x00013278     0x483c ./Drivers/STM32G0xx_HAL_Driver/Src/stm32g0xx_hal_uart.o
 .debug_info    0x00017ab4      0xf95 ./Drivers/STM32G0xx_HAL_Driver/Src/stm32g0xx_hal_uart_ex.o

.debug_abbrev   0x00000000     0x3364
 .debug_abbrev  0x00000000      0x22c ./Core/Src/Registers_handler.o
 .debug_abbrev  0x0000022c      0x347 ./Core/Src/main.o
 .debug_abbrev  0x00000573      0x234 ./Core/Src/modbusDevice.o
 .debug_abbrev  0x000007a7      0x248 ./Core/Src/modbusSlave.o
 .debug_abbrev  0x000009ef      0x269 ./Core/Src/stm32g0xx_hal_msp.o
 .debug_abbrev  0x00000c58      0x1bf ./Core/Src/stm32g0xx_it.o
 .debug_abbrev  0x00000e17      0x119 ./Core/Src/system_stm32g0xx.o
 .debug_abbrev  0x00000f30       0x24 ./Core/Startup/startup_stm32g030f6px.o
 .debug_abbrev  0x00000f54      0x2b4 ./Drivers/STM32G0xx_HAL_Driver/Src/stm32g0xx_hal.o
 .debug_abbrev  0x00001208      0x267 ./Drivers/STM32G0xx_HAL_Driver/Src/stm32g0xx_hal_adc.o
 .debug_abbrev  0x0000146f      0x231 ./Drivers/STM32G0xx_HAL_Driver/Src/stm32g0xx_hal_adc_ex.o
 .debug_abbrev  0x000016a0      0x2ab ./Drivers/STM32G0xx_HAL_Driver/Src/stm32g0xx_hal_cortex.o
 .debug_abbrev  0x0000194b      0x1e1 ./Drivers/STM32G0xx_HAL_Driver/Src/stm32g0xx_hal_dma.o
 .debug_abbrev  0x00001b2c      0x1c3 ./Drivers/STM32G0xx_HAL_Driver/Src/stm32g0xx_hal_gpio.o
 .debug_abbrev  0x00001cef      0x291 ./Drivers/STM32G0xx_HAL_Driver/Src/stm32g0xx_hal_i2c.o
 .debug_abbrev  0x00001f80      0x1ea ./Drivers/STM32G0xx_HAL_Driver/Src/stm32g0xx_hal_i2c_ex.o
 .debug_abbrev  0x0000216a      0x1d7 ./Drivers/STM32G0xx_HAL_Driver/Src/stm32g0xx_hal_pwr_ex.o
 .debug_abbrev  0x00002341      0x2a9 ./Drivers/STM32G0xx_HAL_Driver/Src/stm32g0xx_hal_rcc.o
 .debug_abbrev  0x000025ea      0x229 ./Drivers/STM32G0xx_HAL_Driver/Src/stm32g0xx_hal_rcc_ex.o
 .debug_abbrev  0x00002813      0x29b ./Drivers/STM32G0xx_HAL_Driver/Src/stm32g0xx_hal_tim.o
 .debug_abbrev  0x00002aae      0x2ab ./Drivers/STM32G0xx_HAL_Driver/Src/stm32g0xx_hal_tim_ex.o
 .debug_abbrev  0x00002d59      0x326 ./Drivers/STM32G0xx_HAL_Driver/Src/stm32g0xx_hal_uart.o
 .debug_abbrev  0x0000307f      0x2e5 ./Drivers/STM32G0xx_HAL_Driver/Src/stm32g0xx_hal_uart_ex.o

.debug_aranges  0x00000000     0x14d8
 .debug_aranges
                0x00000000       0x30 ./Core/Src/Registers_handler.o
 .debug_aranges
                0x00000030       0xa0 ./Core/Src/main.o
 .debug_aranges
                0x000000d0       0x38 ./Core/Src/modbusDevice.o
 .debug_aranges
                0x00000108       0x70 ./Core/Src/modbusSlave.o
 .debug_aranges
                0x00000178       0x68 ./Core/Src/stm32g0xx_hal_msp.o
 .debug_aranges
                0x000001e0       0x68 ./Core/Src/stm32g0xx_it.o
 .debug_aranges
                0x00000248       0x28 ./Core/Src/system_stm32g0xx.o
 .debug_aranges
                0x00000270       0x28 ./Core/Startup/startup_stm32g030f6px.o
 .debug_aranges
                0x00000298      0x100 ./Drivers/STM32G0xx_HAL_Driver/Src/stm32g0xx_hal.o
 .debug_aranges
                0x00000398      0x1f0 ./Drivers/STM32G0xx_HAL_Driver/Src/stm32g0xx_hal_adc.o
 .debug_aranges
                0x00000588       0xb0 ./Drivers/STM32G0xx_HAL_Driver/Src/stm32g0xx_hal_adc_ex.o
 .debug_aranges
                0x00000638       0xe8 ./Drivers/STM32G0xx_HAL_Driver/Src/stm32g0xx_hal_cortex.o
 .debug_aranges
                0x00000720       0x90 ./Drivers/STM32G0xx_HAL_Driver/Src/stm32g0xx_hal_dma.o
 .debug_aranges
                0x000007b0       0x60 ./Drivers/STM32G0xx_HAL_Driver/Src/stm32g0xx_hal_gpio.o
 .debug_aranges
                0x00000810      0x2a0 ./Drivers/STM32G0xx_HAL_Driver/Src/stm32g0xx_hal_i2c.o
 .debug_aranges
                0x00000ab0       0x48 ./Drivers/STM32G0xx_HAL_Driver/Src/stm32g0xx_hal_i2c_ex.o
 .debug_aranges
                0x00000af8       0x98 ./Drivers/STM32G0xx_HAL_Driver/Src/stm32g0xx_hal_pwr_ex.o
 .debug_aranges
                0x00000b90       0xa0 ./Drivers/STM32G0xx_HAL_Driver/Src/stm32g0xx_hal_rcc.o
 .debug_aranges
                0x00000c30       0x40 ./Drivers/STM32G0xx_HAL_Driver/Src/stm32g0xx_hal_rcc_ex.o
 .debug_aranges
                0x00000c70      0x3e0 ./Drivers/STM32G0xx_HAL_Driver/Src/stm32g0xx_hal_tim.o
 .debug_aranges
                0x00001050      0x198 ./Drivers/STM32G0xx_HAL_Driver/Src/stm32g0xx_hal_tim_ex.o
 .debug_aranges
                0x000011e8      0x248 ./Drivers/STM32G0xx_HAL_Driver/Src/stm32g0xx_hal_uart.o
 .debug_aranges
                0x00001430       0xa8 ./Drivers/STM32G0xx_HAL_Driver/Src/stm32g0xx_hal_uart_ex.o

.debug_rnglists
                0x00000000     0x1072
 .debug_rnglists
                0x00000000       0x21 ./Core/Src/Registers_handler.o
 .debug_rnglists
                0x00000021       0x7e ./Core/Src/main.o
 .debug_rnglists
                0x0000009f       0x29 ./Core/Src/modbusDevice.o
 .debug_rnglists
                0x000000c8       0x58 ./Core/Src/modbusSlave.o
 .debug_rnglists
                0x00000120       0x4e ./Core/Src/stm32g0xx_hal_msp.o
 .debug_rnglists
                0x0000016e       0x49 ./Core/Src/stm32g0xx_it.o
 .debug_rnglists
                0x000001b7       0x1a ./Core/Src/system_stm32g0xx.o
 .debug_rnglists
                0x000001d1       0x19 ./Core/Startup/startup_stm32g030f6px.o
 .debug_rnglists
                0x000001ea       0xbc ./Drivers/STM32G0xx_HAL_Driver/Src/stm32g0xx_hal.o
 .debug_rnglists
                0x000002a6      0x17f ./Drivers/STM32G0xx_HAL_Driver/Src/stm32g0xx_hal_adc.o
 .debug_rnglists
                0x00000425       0x81 ./Drivers/STM32G0xx_HAL_Driver/Src/stm32g0xx_hal_adc_ex.o
 .debug_rnglists
                0x000004a6       0xaa ./Drivers/STM32G0xx_HAL_Driver/Src/stm32g0xx_hal_cortex.o
 .debug_rnglists
                0x00000550       0x72 ./Drivers/STM32G0xx_HAL_Driver/Src/stm32g0xx_hal_dma.o
 .debug_rnglists
                0x000005c2       0x45 ./Drivers/STM32G0xx_HAL_Driver/Src/stm32g0xx_hal_gpio.o
 .debug_rnglists
                0x00000607      0x229 ./Drivers/STM32G0xx_HAL_Driver/Src/stm32g0xx_hal_i2c.o
 .debug_rnglists
                0x00000830       0x35 ./Drivers/STM32G0xx_HAL_Driver/Src/stm32g0xx_hal_i2c_ex.o
 .debug_rnglists
                0x00000865       0x72 ./Drivers/STM32G0xx_HAL_Driver/Src/stm32g0xx_hal_pwr_ex.o
 .debug_rnglists
                0x000008d7       0x79 ./Drivers/STM32G0xx_HAL_Driver/Src/stm32g0xx_hal_rcc.o
 .debug_rnglists
                0x00000950       0x2f ./Drivers/STM32G0xx_HAL_Driver/Src/stm32g0xx_hal_rcc_ex.o
 .debug_rnglists
                0x0000097f      0x32a ./Drivers/STM32G0xx_HAL_Driver/Src/stm32g0xx_hal_tim.o
 .debug_rnglists
                0x00000ca9      0x14e ./Drivers/STM32G0xx_HAL_Driver/Src/stm32g0xx_hal_tim_ex.o
 .debug_rnglists
                0x00000df7      0x1fb ./Drivers/STM32G0xx_HAL_Driver/Src/stm32g0xx_hal_uart.o
 .debug_rnglists
                0x00000ff2       0x80 ./Drivers/STM32G0xx_HAL_Driver/Src/stm32g0xx_hal_uart_ex.o

.debug_macro    0x00000000    0x17f77
 .debug_macro   0x00000000      0x325 ./Core/Src/Registers_handler.o
 .debug_macro   0x00000325      0xa8a ./Core/Src/Registers_handler.o
 .debug_macro   0x00000daf      0x129 ./Core/Src/Registers_handler.o
 .debug_macro   0x00000ed8       0x2e ./Core/Src/Registers_handler.o
 .debug_macro   0x00000f06       0x28 ./Core/Src/Registers_handler.o
 .debug_macro   0x00000f2e       0x22 ./Core/Src/Registers_handler.o
 .debug_macro   0x00000f50       0x8e ./Core/Src/Registers_handler.o
 .debug_macro   0x00000fde       0x51 ./Core/Src/Registers_handler.o
 .debug_macro   0x0000102f      0x103 ./Core/Src/Registers_handler.o
 .debug_macro   0x00001132       0x6a ./Core/Src/Registers_handler.o
 .debug_macro   0x0000119c      0x1df ./Core/Src/Registers_handler.o
 .debug_macro   0x0000137b       0x1c ./Core/Src/Registers_handler.o
 .debug_macro   0x00001397       0x22 ./Core/Src/Registers_handler.o
 .debug_macro   0x000013b9       0xd1 ./Core/Src/Registers_handler.o
 .debug_macro   0x0000148a      0x4da ./Core/Src/Registers_handler.o
 .debug_macro   0x00001964      0x11f ./Core/Src/Registers_handler.o
 .debug_macro   0x00001a83     0xa0e8 ./Core/Src/Registers_handler.o
 .debug_macro   0x0000bb6b       0x66 ./Core/Src/Registers_handler.o
 .debug_macro   0x0000bbd1     0x350e ./Core/Src/Registers_handler.o
 .debug_macro   0x0000f0df      0x189 ./Core/Src/Registers_handler.o
 .debug_macro   0x0000f268       0x5c ./Core/Src/Registers_handler.o
 .debug_macro   0x0000f2c4      0x462 ./Core/Src/Registers_handler.o
 .debug_macro   0x0000f726      0xe1a ./Core/Src/Registers_handler.o
 .debug_macro   0x00010540      0x106 ./Core/Src/Registers_handler.o
 .debug_macro   0x00010646      0x1cf ./Core/Src/Registers_handler.o
 .debug_macro   0x00010815       0xff ./Core/Src/Registers_handler.o
 .debug_macro   0x00010914      0x33c ./Core/Src/Registers_handler.o
 .debug_macro   0x00010c50      0x202 ./Core/Src/Registers_handler.o
 .debug_macro   0x00010e52      0x2c7 ./Core/Src/Registers_handler.o
 .debug_macro   0x00011119      0x198 ./Core/Src/Registers_handler.o
 .debug_macro   0x000112b1       0x43 ./Core/Src/Registers_handler.o
 .debug_macro   0x000112f4      0x1f1 ./Core/Src/Registers_handler.o
 .debug_macro   0x000114e5      0x8a1 ./Core/Src/Registers_handler.o
 .debug_macro   0x00011d86      0x5ad ./Core/Src/Registers_handler.o
 .debug_macro   0x00012333       0x2e ./Core/Src/Registers_handler.o
 .debug_macro   0x00012361      0x1d6 ./Core/Src/Registers_handler.o
 .debug_macro   0x00012537      0x2a3 ./Core/Src/Registers_handler.o
 .debug_macro   0x000127da       0x28 ./Core/Src/Registers_handler.o
 .debug_macro   0x00012802       0xcf ./Core/Src/Registers_handler.o
 .debug_macro   0x000128d1      0x22c ./Core/Src/Registers_handler.o
 .debug_macro   0x00012afd       0x67 ./Core/Src/Registers_handler.o
 .debug_macro   0x00012b64       0xa5 ./Core/Src/Registers_handler.o
 .debug_macro   0x00012c09       0xff ./Core/Src/Registers_handler.o
 .debug_macro   0x00012d08      0x10d ./Core/Src/Registers_handler.o
 .debug_macro   0x00012e15      0xac2 ./Core/Src/Registers_handler.o
 .debug_macro   0x000138d7       0xfa ./Core/Src/Registers_handler.o
 .debug_macro   0x000139d1      0x693 ./Core/Src/Registers_handler.o
 .debug_macro   0x00014064       0xa6 ./Core/Src/Registers_handler.o
 .debug_macro   0x0001410a      0x412 ./Core/Src/Registers_handler.o
 .debug_macro   0x0001451c       0x70 ./Core/Src/Registers_handler.o
 .debug_macro   0x0001458c       0x61 ./Core/Src/Registers_handler.o
 .debug_macro   0x000145ed       0x24 ./Core/Src/Registers_handler.o
 .debug_macro   0x00014611       0x43 ./Core/Src/Registers_handler.o
 .debug_macro   0x00014654       0x34 ./Core/Src/Registers_handler.o
 .debug_macro   0x00014688       0x16 ./Core/Src/Registers_handler.o
 .debug_macro   0x0001469e       0x43 ./Core/Src/Registers_handler.o
 .debug_macro   0x000146e1       0x34 ./Core/Src/Registers_handler.o
 .debug_macro   0x00014715       0x10 ./Core/Src/Registers_handler.o
 .debug_macro   0x00014725       0x58 ./Core/Src/Registers_handler.o
 .debug_macro   0x0001477d       0x8e ./Core/Src/Registers_handler.o
 .debug_macro   0x0001480b       0x1c ./Core/Src/Registers_handler.o
 .debug_macro   0x00014827      0x177 ./Core/Src/Registers_handler.o
 .debug_macro   0x0001499e      0x369 ./Core/Src/Registers_handler.o
 .debug_macro   0x00014d07       0x10 ./Core/Src/Registers_handler.o
 .debug_macro   0x00014d17       0x35 ./Core/Src/Registers_handler.o
 .debug_macro   0x00014d4c       0x20 ./Core/Src/Registers_handler.o
 .debug_macro   0x00014d6c       0x10 ./Core/Src/Registers_handler.o
 .debug_macro   0x00014d7c       0x10 ./Core/Src/Registers_handler.o
 .debug_macro   0x00014d8c      0x35f ./Core/Src/main.o
 .debug_macro   0x000150eb       0x22 ./Core/Src/main.o
 .debug_macro   0x0001510d      0x30c ./Core/Src/modbusDevice.o
 .debug_macro   0x00015419      0x324 ./Core/Src/modbusSlave.o
 .debug_macro   0x0001573d      0x22f ./Core/Src/stm32g0xx_hal_msp.o
 .debug_macro   0x0001596c      0x239 ./Core/Src/stm32g0xx_it.o
 .debug_macro   0x00015ba5      0x220 ./Core/Src/system_stm32g0xx.o
 .debug_macro   0x00015dc5      0x23e ./Drivers/STM32G0xx_HAL_Driver/Src/stm32g0xx_hal.o
 .debug_macro   0x00016003      0x244 ./Drivers/STM32G0xx_HAL_Driver/Src/stm32g0xx_hal_adc.o
 .debug_macro   0x00016247      0x22c ./Drivers/STM32G0xx_HAL_Driver/Src/stm32g0xx_hal_adc_ex.o
 .debug_macro   0x00016473      0x220 ./Drivers/STM32G0xx_HAL_Driver/Src/stm32g0xx_hal_cortex.o
 .debug_macro   0x00016693      0x220 ./Drivers/STM32G0xx_HAL_Driver/Src/stm32g0xx_hal_dma.o
 .debug_macro   0x000168b3      0x227 ./Drivers/STM32G0xx_HAL_Driver/Src/stm32g0xx_hal_gpio.o
 .debug_macro   0x00016ada      0x2ec ./Drivers/STM32G0xx_HAL_Driver/Src/stm32g0xx_hal_i2c.o
 .debug_macro   0x00016dc6      0x220 ./Drivers/STM32G0xx_HAL_Driver/Src/stm32g0xx_hal_i2c_ex.o
 .debug_macro   0x00016fe6      0x232 ./Drivers/STM32G0xx_HAL_Driver/Src/stm32g0xx_hal_pwr_ex.o
 .debug_macro   0x00017218      0x262 ./Drivers/STM32G0xx_HAL_Driver/Src/stm32g0xx_hal_rcc.o
 .debug_macro   0x0001747a      0x238 ./Drivers/STM32G0xx_HAL_Driver/Src/stm32g0xx_hal_rcc_ex.o
 .debug_macro   0x000176b2      0x228 ./Drivers/STM32G0xx_HAL_Driver/Src/stm32g0xx_hal_tim.o
 .debug_macro   0x000178da      0x226 ./Drivers/STM32G0xx_HAL_Driver/Src/stm32g0xx_hal_tim_ex.o
 .debug_macro   0x00017b00      0x24b ./Drivers/STM32G0xx_HAL_Driver/Src/stm32g0xx_hal_uart.o
 .debug_macro   0x00017d4b      0x22c ./Drivers/STM32G0xx_HAL_Driver/Src/stm32g0xx_hal_uart_ex.o

.debug_line     0x00000000    0x1adb9
 .debug_line    0x00000000      0xa8e ./Core/Src/Registers_handler.o
 .debug_line    0x00000a8e      0xe2a ./Core/Src/main.o
 .debug_line    0x000018b8      0xa91 ./Core/Src/modbusDevice.o
 .debug_line    0x00002349      0xee5 ./Core/Src/modbusSlave.o
 .debug_line    0x0000322e      0xa19 ./Core/Src/stm32g0xx_hal_msp.o
 .debug_line    0x00003c47      0x8e1 ./Core/Src/stm32g0xx_it.o
 .debug_line    0x00004528      0x87c ./Core/Src/system_stm32g0xx.o
 .debug_line    0x00004da4       0x7b ./Core/Startup/startup_stm32g030f6px.o
 .debug_line    0x00004e1f      0xb37 ./Drivers/STM32G0xx_HAL_Driver/Src/stm32g0xx_hal.o
 .debug_line    0x00005956     0x19eb ./Drivers/STM32G0xx_HAL_Driver/Src/stm32g0xx_hal_adc.o
 .debug_line    0x00007341      0xb70 ./Drivers/STM32G0xx_HAL_Driver/Src/stm32g0xx_hal_adc_ex.o
 .debug_line    0x00007eb1      0xc57 ./Drivers/STM32G0xx_HAL_Driver/Src/stm32g0xx_hal_cortex.o
 .debug_line    0x00008b08      0xe59 ./Drivers/STM32G0xx_HAL_Driver/Src/stm32g0xx_hal_dma.o
 .debug_line    0x00009961      0xc3b ./Drivers/STM32G0xx_HAL_Driver/Src/stm32g0xx_hal_gpio.o
 .debug_line    0x0000a59c     0x3af4 ./Drivers/STM32G0xx_HAL_Driver/Src/stm32g0xx_hal_i2c.o
 .debug_line    0x0000e090      0xa27 ./Drivers/STM32G0xx_HAL_Driver/Src/stm32g0xx_hal_i2c_ex.o
 .debug_line    0x0000eab7      0xa4d ./Drivers/STM32G0xx_HAL_Driver/Src/stm32g0xx_hal_pwr_ex.o
 .debug_line    0x0000f504      0xfc5 ./Drivers/STM32G0xx_HAL_Driver/Src/stm32g0xx_hal_rcc.o
 .debug_line    0x000104c9      0xb89 ./Drivers/STM32G0xx_HAL_Driver/Src/stm32g0xx_hal_rcc_ex.o
 .debug_line    0x00011052     0x3c84 ./Drivers/STM32G0xx_HAL_Driver/Src/stm32g0xx_hal_tim.o
 .debug_line    0x00014cd6     0x1cab ./Drivers/STM32G0xx_HAL_Driver/Src/stm32g0xx_hal_tim_ex.o
 .debug_line    0x00016981     0x357c ./Drivers/STM32G0xx_HAL_Driver/Src/stm32g0xx_hal_uart.o
 .debug_line    0x00019efd      0xebc ./Drivers/STM32G0xx_HAL_Driver/Src/stm32g0xx_hal_uart_ex.o

.debug_str      0x00000000    0x96f79
 .debug_str     0x00000000    0x90e74 ./Core/Src/Registers_handler.o
                              0x91593 (size before relaxing)
 .debug_str     0x00090e74     0x1144 ./Core/Src/main.o
                              0x926fc (size before relaxing)
 .debug_str     0x00091fb8       0xcd ./Core/Src/modbusDevice.o
                              0x91451 (size before relaxing)
 .debug_str     0x00092085      0x259 ./Core/Src/modbusSlave.o
                              0x915e0 (size before relaxing)
 .debug_str     0x000922de      0x1c9 ./Core/Src/stm32g0xx_hal_msp.o
                              0x8edfb (size before relaxing)
 .debug_str     0x000924a7      0x122 ./Core/Src/stm32g0xx_it.o
                              0x8e55f (size before relaxing)
 .debug_str     0x000925c9       0x8e ./Core/Src/system_stm32g0xx.o
                              0x8dacc (size before relaxing)
 .debug_str     0x00092657       0x44 ./Core/Startup/startup_stm32g030f6px.o
                                 0x6d (size before relaxing)
 .debug_str     0x0009269b      0x448 ./Drivers/STM32G0xx_HAL_Driver/Src/stm32g0xx_hal.o
                              0x8e157 (size before relaxing)
 .debug_str     0x00092ae3      0x87c ./Drivers/STM32G0xx_HAL_Driver/Src/stm32g0xx_hal_adc.o
                              0x8e887 (size before relaxing)
 .debug_str     0x0009335f      0x1e2 ./Drivers/STM32G0xx_HAL_Driver/Src/stm32g0xx_hal_adc_ex.o
                              0x8e263 (size before relaxing)
 .debug_str     0x00093541      0x28b ./Drivers/STM32G0xx_HAL_Driver/Src/stm32g0xx_hal_cortex.o
                              0x8df1e (size before relaxing)
 .debug_str     0x000937cc      0x264 ./Drivers/STM32G0xx_HAL_Driver/Src/stm32g0xx_hal_dma.o
                              0x8df66 (size before relaxing)
 .debug_str     0x00093a30      0x12a ./Drivers/STM32G0xx_HAL_Driver/Src/stm32g0xx_hal_gpio.o
                              0x8dc01 (size before relaxing)
 .debug_str     0x00093b5a      0xdbe ./Drivers/STM32G0xx_HAL_Driver/Src/stm32g0xx_hal_i2c.o
                              0x8ee8f (size before relaxing)
 .debug_str     0x00094918       0xb8 ./Drivers/STM32G0xx_HAL_Driver/Src/stm32g0xx_hal_i2c_ex.o
                              0x8e10b (size before relaxing)
 .debug_str     0x000949d0      0x211 ./Drivers/STM32G0xx_HAL_Driver/Src/stm32g0xx_hal_pwr_ex.o
                              0x8dd20 (size before relaxing)
 .debug_str     0x00094be1      0x49c ./Drivers/STM32G0xx_HAL_Driver/Src/stm32g0xx_hal_rcc.o
                              0x8e1f0 (size before relaxing)
 .debug_str     0x0009507d      0x185 ./Drivers/STM32G0xx_HAL_Driver/Src/stm32g0xx_hal_rcc_ex.o
                              0x8de08 (size before relaxing)
 .debug_str     0x00095202      0xd02 ./Drivers/STM32G0xx_HAL_Driver/Src/stm32g0xx_hal_tim.o
                              0x8f00e (size before relaxing)
 .debug_str     0x00095f04      0x4fd ./Drivers/STM32G0xx_HAL_Driver/Src/stm32g0xx_hal_tim_ex.o
                              0x8e99c (size before relaxing)
 .debug_str     0x00096401      0x931 ./Drivers/STM32G0xx_HAL_Driver/Src/stm32g0xx_hal_uart.o
                              0x8ea97 (size before relaxing)
 .debug_str     0x00096d32      0x247 ./Drivers/STM32G0xx_HAL_Driver/Src/stm32g0xx_hal_uart_ex.o
                              0x8e356 (size before relaxing)

.comment        0x00000000       0x43
 .comment       0x00000000       0x43 ./Core/Src/Registers_handler.o
                                 0x44 (size before relaxing)
 .comment       0x00000043       0x44 ./Core/Src/main.o
 .comment       0x00000043       0x44 ./Core/Src/modbusDevice.o
 .comment       0x00000043       0x44 ./Core/Src/modbusSlave.o
 .comment       0x00000043       0x44 ./Core/Src/stm32g0xx_hal_msp.o
 .comment       0x00000043       0x44 ./Core/Src/stm32g0xx_it.o
 .comment       0x00000043       0x44 ./Core/Src/system_stm32g0xx.o
 .comment       0x00000043       0x44 ./Drivers/STM32G0xx_HAL_Driver/Src/stm32g0xx_hal.o
 .comment       0x00000043       0x44 ./Drivers/STM32G0xx_HAL_Driver/Src/stm32g0xx_hal_adc.o
 .comment       0x00000043       0x44 ./Drivers/STM32G0xx_HAL_Driver/Src/stm32g0xx_hal_adc_ex.o
 .comment       0x00000043       0x44 ./Drivers/STM32G0xx_HAL_Driver/Src/stm32g0xx_hal_cortex.o
 .comment       0x00000043       0x44 ./Drivers/STM32G0xx_HAL_Driver/Src/stm32g0xx_hal_dma.o
 .comment       0x00000043       0x44 ./Drivers/STM32G0xx_HAL_Driver/Src/stm32g0xx_hal_gpio.o
 .comment       0x00000043       0x44 ./Drivers/STM32G0xx_HAL_Driver/Src/stm32g0xx_hal_i2c.o
 .comment       0x00000043       0x44 ./Drivers/STM32G0xx_HAL_Driver/Src/stm32g0xx_hal_i2c_ex.o
 .comment       0x00000043       0x44 ./Drivers/STM32G0xx_HAL_Driver/Src/stm32g0xx_hal_pwr_ex.o
 .comment       0x00000043       0x44 ./Drivers/STM32G0xx_HAL_Driver/Src/stm32g0xx_hal_rcc.o
 .comment       0x00000043       0x44 ./Drivers/STM32G0xx_HAL_Driver/Src/stm32g0xx_hal_rcc_ex.o
 .comment       0x00000043       0x44 ./Drivers/STM32G0xx_HAL_Driver/Src/stm32g0xx_hal_tim.o
 .comment       0x00000043       0x44 ./Drivers/STM32G0xx_HAL_Driver/Src/stm32g0xx_hal_tim_ex.o
 .comment       0x00000043       0x44 ./Drivers/STM32G0xx_HAL_Driver/Src/stm32g0xx_hal_uart.o
 .comment       0x00000043       0x44 ./Drivers/STM32G0xx_HAL_Driver/Src/stm32g0xx_hal_uart_ex.o

.debug_frame    0x00000000     0x4c14
 .debug_frame   0x00000000       0x70 ./Core/Src/Registers_handler.o
 .debug_frame   0x00000070      0x214 ./Core/Src/main.o
 .debug_frame   0x00000284       0x98 ./Core/Src/modbusDevice.o
 .debug_frame   0x0000031c      0x174 ./Core/Src/modbusSlave.o
 .debug_frame   0x00000490      0x150 ./Core/Src/stm32g0xx_hal_msp.o
 .debug_frame   0x000005e0      0x128 ./Core/Src/stm32g0xx_it.o
 .debug_frame   0x00000708       0x4c ./Core/Src/system_stm32g0xx.o
 .debug_frame   0x00000754      0x360 ./Drivers/STM32G0xx_HAL_Driver/Src/stm32g0xx_hal.o
 .debug_frame   0x00000ab4      0x78c ./Drivers/STM32G0xx_HAL_Driver/Src/stm32g0xx_hal_adc.o
 .debug_frame   0x00001240      0x270 ./Drivers/STM32G0xx_HAL_Driver/Src/stm32g0xx_hal_adc_ex.o
 .debug_frame   0x000014b0      0x33c ./Drivers/STM32G0xx_HAL_Driver/Src/stm32g0xx_hal_cortex.o
 .debug_frame   0x000017ec      0x1f0 ./Drivers/STM32G0xx_HAL_Driver/Src/stm32g0xx_hal_dma.o
 .debug_frame   0x000019dc      0x130 ./Drivers/STM32G0xx_HAL_Driver/Src/stm32g0xx_hal_gpio.o
 .debug_frame   0x00001b0c      0xa68 ./Drivers/STM32G0xx_HAL_Driver/Src/stm32g0xx_hal_i2c.o
 .debug_frame   0x00002574       0xd0 ./Drivers/STM32G0xx_HAL_Driver/Src/stm32g0xx_hal_i2c_ex.o
 .debug_frame   0x00002644      0x1f4 ./Drivers/STM32G0xx_HAL_Driver/Src/stm32g0xx_hal_pwr_ex.o
 .debug_frame   0x00002838      0x214 ./Drivers/STM32G0xx_HAL_Driver/Src/stm32g0xx_hal_rcc.o
 .debug_frame   0x00002a4c       0xb0 ./Drivers/STM32G0xx_HAL_Driver/Src/stm32g0xx_hal_rcc_ex.o
 .debug_frame   0x00002afc      0xf40 ./Drivers/STM32G0xx_HAL_Driver/Src/stm32g0xx_hal_tim.o
 .debug_frame   0x00003a3c      0x620 ./Drivers/STM32G0xx_HAL_Driver/Src/stm32g0xx_hal_tim_ex.o
 .debug_frame   0x0000405c      0x8d4 ./Drivers/STM32G0xx_HAL_Driver/Src/stm32g0xx_hal_uart.o
 .debug_frame   0x00004930      0x258 ./Drivers/STM32G0xx_HAL_Driver/Src/stm32g0xx_hal_uart_ex.o
 .debug_frame   0x00004b88       0x20 C:/ST/STM32CubeIDE_1.16.1/STM32CubeIDE/plugins/com.st.stm32cube.ide.mcu.externaltools.gnu-tools-for-stm32.12.3.rel1.win32_1.0.200.202406191623/tools/bin/../lib/gcc/arm-none-eabi/12.3.1/../../../../arm-none-eabi/lib/thumb/v6-m/nofp\libc_nano.a(libc_a-memset.o)
 .debug_frame   0x00004ba8       0x2c C:/ST/STM32CubeIDE_1.16.1/STM32CubeIDE/plugins/com.st.stm32cube.ide.mcu.externaltools.gnu-tools-for-stm32.12.3.rel1.win32_1.0.200.202406191623/tools/bin/../lib/gcc/arm-none-eabi/12.3.1/../../../../arm-none-eabi/lib/thumb/v6-m/nofp\libc_nano.a(libc_a-init.o)
 .debug_frame   0x00004bd4       0x20 C:/ST/STM32CubeIDE_1.16.1/STM32CubeIDE/plugins/com.st.stm32cube.ide.mcu.externaltools.gnu-tools-for-stm32.12.3.rel1.win32_1.0.200.202406191623/tools/bin/../lib/gcc/arm-none-eabi/12.3.1/thumb/v6-m/nofp\libgcc.a(_udivsi3.o)
 .debug_frame   0x00004bf4       0x20 C:/ST/STM32CubeIDE_1.16.1/STM32CubeIDE/plugins/com.st.stm32cube.ide.mcu.externaltools.gnu-tools-for-stm32.12.3.rel1.win32_1.0.200.202406191623/tools/bin/../lib/gcc/arm-none-eabi/12.3.1/thumb/v6-m/nofp\libgcc.a(_divsi3.o)

.debug_line_str
                0x00000000       0x51
 .debug_line_str
                0x00000000       0x51 ./Core/Startup/startup_stm32g030f6px.o
