../Core/Src/main.c:140:5:main	8	static
../Core/Src/main.c:287:6:SystemClock_Config	128	static
../Core/Src/main.c:341:13:MX_ADC1_Init	48	static
../Core/Src/main.c:463:13:MX_I2C1_Init	8	static
../Core/Src/main.c:511:13:MX_SPI1_Init	8	static
../Core/Src/main.c:551:13:MX_TIM1_Init	112	static
../Core/Src/main.c:639:13:MX_TIM2_Init	56	static
../Core/Src/main.c:718:13:MX_TIM3_Init	40	static
../Core/Src/main.c:763:13:MX_TIM6_Init	24	static
../Core/Src/main.c:801:13:MX_TIM8_Init	112	static
../Core/Src/main.c:881:13:MX_TIM15_Init	40	static
../Core/Src/main.c:927:13:MX_USART1_UART_Init	8	static
../Core/Src/main.c:960:13:MX_DMA_Init	16	static
../Core/Src/main.c:981:13:MX_GPIO_Init	48	static
../Core/Src/main.c:1062:10:calculateTimerFrequency	24	static
../Core/Src/main.c:1067:6:HAL_TIM_PeriodElapsedCallback	16	static
../Core/Src/main.c:1096:6:HAL_TIM_IC_CaptureCallback	16	static
../Core/Src/main.c:1185:6:HAL_UART_TxCpltCallback	16	static
../Core/Src/main.c:1199:6:HAL_UARTEx_RxEventCallback	16	static
../Core/Src/main.c:1213:6:Check_USART1_Timeout	8	static
../Core/Src/main.c:1225:6:Reset_USART1	8	static
../Core/Src/main.c:1278:6:Read_ADC_Values	16	static
../Core/Src/main.c:1288:6:Rising_2_coil	8	static
../Core/Src/main.c:1295:6:Falling_1_coil	8	static
../Core/Src/main.c:1302:6:Rising_1_coil	8	static
../Core/Src/main.c:1309:6:Falling_2_coil	8	static
../Core/Src/main.c:1321:6:Error_Handler	4	static,ignoring_inline_asm
