../Core/Src/main.c:125:5:main	10
../Core/Src/main.c:251:6:SystemClock_Config	4
../Core/Src/main.c:305:13:MX_ADC1_Init	11
../Core/Src/main.c:427:13:MX_I2C1_Init	4
../Core/Src/main.c:475:13:MX_SPI1_Init	2
../Core/Src/main.c:515:13:MX_TIM1_Init	9
../Core/Src/main.c:603:13:MX_TIM2_Init	9
../Core/Src/main.c:682:13:MX_TIM3_Init	4
../Core/Src/main.c:727:13:MX_TIM8_Init	7
../Core/Src/main.c:807:13:MX_TIM15_Init	4
../Core/Src/main.c:853:13:MX_USART1_UART_Init	2
../Core/Src/main.c:886:13:MX_DMA_Init	1
../Core/Src/main.c:907:13:MX_GPIO_Init	1
../Core/Src/main.c:988:10:calculateTimerFrequency	1
../Core/Src/main.c:994:6:HAL_TIM_IC_CaptureCallback	6
../Core/Src/main.c:1091:6:HAL_UART_TxCpltCallback	1
../Core/Src/main.c:1106:6:HAL_UARTEx_RxEventCallback	2
../Core/Src/main.c:1121:6:Check_USART1_Timeout	2
../Core/Src/main.c:1134:6:Reset_USART1	3
../Core/Src/main.c:1187:6:Read_ADC_Values	2
../Core/Src/main.c:1203:6:Error_Handler	1
