../Core/Src/main.c:125:5:main	8	static
../Core/Src/main.c:251:6:SystemClock_Config	128	static
../Core/Src/main.c:305:13:MX_ADC1_Init	48	static
../Core/Src/main.c:427:13:MX_I2C1_Init	8	static
../Core/Src/main.c:475:13:MX_SPI1_Init	8	static
../Core/Src/main.c:515:13:MX_TIM1_Init	112	static
../Core/Src/main.c:603:13:MX_TIM2_Init	56	static
../Core/Src/main.c:682:13:MX_TIM3_Init	40	static
../Core/Src/main.c:727:13:MX_TIM8_Init	112	static
../Core/Src/main.c:807:13:MX_TIM15_Init	40	static
../Core/Src/main.c:853:13:MX_USART1_UART_Init	8	static
../Core/Src/main.c:886:13:MX_DMA_Init	16	static
../Core/Src/main.c:907:13:MX_GPIO_Init	48	static
../Core/Src/main.c:988:10:calculateTimerFrequency	24	static
../Core/Src/main.c:994:6:HAL_TIM_IC_CaptureCallback	16	static
../Core/Src/main.c:1091:6:HAL_UART_TxCpltCallback	16	static
../Core/Src/main.c:1106:6:HAL_UARTEx_RxEventCallback	16	static
../Core/Src/main.c:1121:6:Check_USART1_Timeout	8	static
../Core/Src/main.c:1134:6:Reset_USART1	8	static
../Core/Src/main.c:1187:6:Read_ADC_Values	16	static
../Core/Src/main.c:1203:6:Error_Handler	4	static,ignoring_inline_asm
