../Core/Src/stm32g0xx_hal_msp.c:68:6:HAL_MspInit	16	static
../Core/Src/stm32g0xx_hal_msp.c:96:6:HAL_ADC_MspInit	40	static
../Core/Src/stm32g0xx_hal_msp.c:131:6:HAL_ADC_MspDeInit	8	static
../Core/Src/stm32g0xx_hal_msp.c:160:6:HAL_I2C_MspInit	40	static
../Core/Src/stm32g0xx_hal_msp.c:197:6:HAL_I2C_MspDeInit	8	static
../Core/Src/stm32g0xx_hal_msp.c:228:6:HAL_TIM_Base_MspInit	24	static
../Core/Src/stm32g0xx_hal_msp.c:269:6:HAL_TIM_MspPostInit	40	static
../Core/Src/stm32g0xx_hal_msp.c:321:6:HAL_TIM_Base_MspDeInit	8	static
../Core/Src/stm32g0xx_hal_msp.c:368:6:HAL_UART_MspInit	72	static
../Core/Src/stm32g0xx_hal_msp.c:454:6:HAL_UART_MspDeInit	8	static
