../Core/Src/stm32g0xx_hal_msp.c:70:6:HAL_MspInit	16	static
../Core/Src/stm32g0xx_hal_msp.c:98:6:HAL_ADC_MspInit	40	static
../Core/Src/stm32g0xx_hal_msp.c:156:6:HAL_ADC_MspDeInit	8	static
../Core/Src/stm32g0xx_hal_msp.c:192:6:HAL_TIM_Base_MspInit	24	static
../Core/Src/stm32g0xx_hal_msp.c:244:6:HAL_TIM_MspPostInit	40	static
../Core/Src/stm32g0xx_hal_msp.c:298:6:HAL_TIM_Base_MspDeInit	8	static
../Core/Src/stm32g0xx_hal_msp.c:356:6:HAL_UART_MspInit	72	static
../Core/Src/stm32g0xx_hal_msp.c:442:6:HAL_UART_MspDeInit	8	static
