../Core/Src/stm32g0xx_hal_msp.c:70:6:HAL_MspInit	16	static
../Core/Src/stm32g0xx_hal_msp.c:98:6:HAL_ADC_MspInit	40	static
../Core/Src/stm32g0xx_hal_msp.c:160:6:HAL_ADC_MspDeInit	8	static
../Core/Src/stm32g0xx_hal_msp.c:200:6:HAL_TIM_Base_MspInit	24	static
../Core/Src/stm32g0xx_hal_msp.c:241:6:HAL_TIM_MspPostInit	40	static
../Core/Src/stm32g0xx_hal_msp.c:294:6:HAL_TIM_Base_MspDeInit	8	static
../Core/Src/stm32g0xx_hal_msp.c:341:6:HAL_UART_MspInit	72	static
../Core/Src/stm32g0xx_hal_msp.c:427:6:HAL_UART_MspDeInit	8	static
