../Core/Src/stm32g0xx_it.c:74:6:NMI_Handler	0	static
../Core/Src/stm32g0xx_it.c:89:6:HardFault_Handler	0	static
../Core/Src/stm32g0xx_it.c:104:6:SVC_Handler	0	static
../Core/Src/stm32g0xx_it.c:117:6:PendSV_Handler	0	static
../Core/Src/stm32g0xx_it.c:130:6:SysTick_Handler	8	static
../Core/Src/stm32g0xx_it.c:151:6:RCC_IRQHandler	0	static
../Core/Src/stm32g0xx_it.c:164:6:DMA1_Channel1_IRQHandler	8	static
../Core/Src/stm32g0xx_it.c:178:6:DMA1_Channel2_3_IRQHandler	8	static
../Core/Src/stm32g0xx_it.c:193:6:ADC1_IRQHandler	8	static
../Core/Src/stm32g0xx_it.c:207:6:TIM14_IRQHandler	8	static
../Core/Src/stm32g0xx_it.c:221:6:USART1_IRQHandler	8	static
