../Core/Src/main.c:145:5:main	8	static
../Core/Src/main.c:276:6:SystemClock_Config	88	static
../Core/Src/main.c:329:13:MX_ADC1_Init	24	static
../Core/Src/main.c:381:13:MX_SPI1_Init	8	static
../Core/Src/main.c:421:13:MX_TIM1_Init	112	static
../Core/Src/main.c:509:13:MX_TIM2_Init	56	static
../Core/Src/main.c:582:13:MX_USART1_UART_Init	8	static
../Core/Src/main.c:615:13:MX_DMA_Init	16	static
../Core/Src/main.c:636:13:MX_GPIO_Init	48	static
../Core/Src/main.c:699:10:calculateTimerFrequency	24	static
../Core/Src/main.c:706:6:Reset_USART1	8	static
../Core/Src/main.c:760:6:HAL_UART_TxCpltCallback	16	static
../Core/Src/main.c:774:6:HAL_UARTEx_RxEventCallback	16	static
../Core/Src/main.c:787:6:Check_USART1_Timeout	8	static
../Core/Src/main.c:806:6:StartDefaultTask	16	static
../Core/Src/main.c:825:6:StartTask02	16	static
../Core/Src/main.c:882:6:MPU_Config	24	static
../Core/Src/main.c:917:6:HAL_TIM_PeriodElapsedCallback	16	static
../Core/Src/main.c:937:6:Error_Handler	4	static,ignoring_inline_asm
