../Core/Src/main.c:145:5:main	8	static
../Core/Src/main.c:279:6:SystemClock_Config	88	static
../Core/Src/main.c:332:13:MX_ADC1_Init	24	static
../Core/Src/main.c:384:13:MX_SPI1_Init	8	static
../Core/Src/main.c:424:13:MX_TIM1_Init	112	static
../Core/Src/main.c:512:13:MX_TIM2_Init	56	static
../Core/Src/main.c:585:13:MX_USART1_UART_Init	8	static
../Core/Src/main.c:618:13:MX_DMA_Init	16	static
../Core/Src/main.c:639:13:MX_GPIO_Init	48	static
../Core/Src/main.c:702:10:calculateTimerFrequency	24	static
../Core/Src/main.c:709:6:Reset_USART1	8	static
../Core/Src/main.c:763:6:HAL_UART_TxCpltCallback	16	static
../Core/Src/main.c:775:6:HAL_UARTEx_RxEventCallback	16	static
../Core/Src/main.c:788:6:Check_USART1_Timeout	8	static
../Core/Src/main.c:799:6:HAL_GPIO_EXTI_Callback	16	static
../Core/Src/main.c:859:6:StartDefaultTask	16	static
../Core/Src/main.c:878:6:StartTask02	16	static
../Core/Src/main.c:938:6:MPU_Config	24	static
../Core/Src/main.c:973:6:HAL_TIM_PeriodElapsedCallback	16	static
../Core/Src/main.c:993:6:Error_Handler	4	static,ignoring_inline_asm
