../Core/Src/main.c:84:5:main	8	static
../Core/Src/main.c:136:6:SystemClock_Config	128	static
../Core/Src/main.c:190:13:MX_ADC1_Init	48	static
../Core/Src/main.c:256:13:MX_I2C1_Init	8	static
../Core/Src/main.c:304:13:MX_SPI1_Init	8	static
../Core/Src/main.c:344:13:MX_TIM1_Init	112	static
../Core/Src/main.c:432:13:MX_TIM2_Init	56	static
../Core/Src/main.c:511:13:MX_TIM3_Init	40	static
../Core/Src/main.c:556:13:MX_TIM8_Init	112	static
../Core/Src/main.c:636:13:MX_USART1_UART_Init	8	static
../Core/Src/main.c:671:13:MX_GPIO_Init	48	static
../Core/Src/main.c:757:6:Error_Handler	4	static,ignoring_inline_asm
